Archive member included to satisfy reference by file (symbol)

C:\Users\Thomas\Documents\LPCXpresso_8.2.2_650\workspace\lpc_board_keil_mcb_1857\Release\liblpc_board_keil_mcb_1857.a(board.o)
                              ./freertos/src/FreeRTOSCommonHooks.o (Board_UARTPutSTR)
C:\Users\Thomas\Documents\LPCXpresso_8.2.2_650\workspace\lpc_board_keil_mcb_1857\Release\liblpc_board_keil_mcb_1857.a(board_sysinit.o)
                              ./example/src/sysinit.o (Board_SystemInit)
C:\Users\Thomas\Documents\LPCXpresso_8.2.2_650\workspace\lpc_board_keil_mcb_1857\Release\liblpc_board_keil_mcb_1857.a(uda1380.o)
                              C:\Users\Thomas\Documents\LPCXpresso_8.2.2_650\workspace\lpc_board_keil_mcb_1857\Release\liblpc_board_keil_mcb_1857.a(board.o) (UDA1380_Init)
C:\Users\Thomas\Documents\LPCXpresso_8.2.2_650\workspace\lpc_chip_18xx\Release\liblpc_chip_18xx.a(chip_18xx_43xx.o)
                              ./example/src/freertos_blinky.o (SystemCoreClockUpdate)
C:\Users\Thomas\Documents\LPCXpresso_8.2.2_650\workspace\lpc_chip_18xx\Release\liblpc_chip_18xx.a(clock_18xx_43xx.o)
                              C:\Users\Thomas\Documents\LPCXpresso_8.2.2_650\workspace\lpc_board_keil_mcb_1857\Release\liblpc_board_keil_mcb_1857.a(board_sysinit.o) (Chip_Clock_SetDivider)
C:\Users\Thomas\Documents\LPCXpresso_8.2.2_650\workspace\lpc_chip_18xx\Release\liblpc_chip_18xx.a(emc_18xx_43xx.o)
                              C:\Users\Thomas\Documents\LPCXpresso_8.2.2_650\workspace\lpc_board_keil_mcb_1857\Release\liblpc_board_keil_mcb_1857.a(board_sysinit.o) (Chip_EMC_Dynamic_Init)
C:\Users\Thomas\Documents\LPCXpresso_8.2.2_650\workspace\lpc_chip_18xx\Release\liblpc_chip_18xx.a(gpio_18xx_43xx.o)
                              C:\Users\Thomas\Documents\LPCXpresso_8.2.2_650\workspace\lpc_board_keil_mcb_1857\Release\liblpc_board_keil_mcb_1857.a(board.o) (Chip_GPIO_Init)
C:\Users\Thomas\Documents\LPCXpresso_8.2.2_650\workspace\lpc_chip_18xx\Release\liblpc_chip_18xx.a(i2c_18xx_43xx.o)
                              C:\Users\Thomas\Documents\LPCXpresso_8.2.2_650\workspace\lpc_board_keil_mcb_1857\Release\liblpc_board_keil_mcb_1857.a(board.o) (Chip_I2C_Init)
C:\Users\Thomas\Documents\LPCXpresso_8.2.2_650\workspace\lpc_chip_18xx\Release\liblpc_chip_18xx.a(i2s_18xx_43xx.o)
                              C:\Users\Thomas\Documents\LPCXpresso_8.2.2_650\workspace\lpc_board_keil_mcb_1857\Release\liblpc_board_keil_mcb_1857.a(board.o) (Chip_I2S_Init)
C:\Users\Thomas\Documents\LPCXpresso_8.2.2_650\workspace\lpc_chip_18xx\Release\liblpc_chip_18xx.a(ssp_18xx_43xx.o)
                              C:\Users\Thomas\Documents\LPCXpresso_8.2.2_650\workspace\lpc_board_keil_mcb_1857\Release\liblpc_board_keil_mcb_1857.a(board.o) (Chip_SSP_WriteFrames_Blocking)
C:\Users\Thomas\Documents\LPCXpresso_8.2.2_650\workspace\lpc_chip_18xx\Release\liblpc_chip_18xx.a(sysinit_18xx_43xx.o)
                              C:\Users\Thomas\Documents\LPCXpresso_8.2.2_650\workspace\lpc_board_keil_mcb_1857\Release\liblpc_board_keil_mcb_1857.a(board_sysinit.o) (Chip_SetupCoreClock)
C:\Users\Thomas\Documents\LPCXpresso_8.2.2_650\workspace\lpc_chip_18xx\Release\liblpc_chip_18xx.a(uart_18xx_43xx.o)
                              C:\Users\Thomas\Documents\LPCXpresso_8.2.2_650\workspace\lpc_board_keil_mcb_1857\Release\liblpc_board_keil_mcb_1857.a(board.o) (Chip_UART_Init)
C:\Users\Thomas\Documents\LPCXpresso_8.2.2_650\workspace\lpc_chip_18xx\Release\liblpc_chip_18xx.a(ring_buffer.o)
                              C:\Users\Thomas\Documents\LPCXpresso_8.2.2_650\workspace\lpc_chip_18xx\Release\liblpc_chip_18xx.a(uart_18xx_43xx.o) (RingBuffer_Insert)
c:/nxp/lpcxpresso_8.2.2_650/lpcxpresso/tools/bin/../lib/gcc/arm-none-eabi/5.4.1/../../../../arm-none-eabi/lib/armv7-m\libcr_nohost.a(_cr__main.o)
                              ./example/src/cr_startup_lpc18xx.o (__main)
c:/nxp/lpcxpresso_8.2.2_650/lpcxpresso/tools/bin/../lib/gcc/arm-none-eabi/5.4.1/../../../../arm-none-eabi/lib/armv7-m\libcr_c.a(memcpy.o)
                              ./freertos/src/queue.o (memcpy)
c:/nxp/lpcxpresso_8.2.2_650/lpcxpresso/tools/bin/../lib/gcc/arm-none-eabi/5.4.1/../../../../arm-none-eabi/lib/armv7-m\libcr_c.a(memset.o)
                              ./freertos/src/tasks.o (memset)
c:/nxp/lpcxpresso_8.2.2_650/lpcxpresso/tools/bin/../lib/gcc/arm-none-eabi/5.4.1/../../../../arm-none-eabi/lib/armv7-m\libcr_c.a(alloc.o)
                              ./freertos/src/heap_3.o (malloc)
c:/nxp/lpcxpresso_8.2.2_650/lpcxpresso/tools/bin/../lib/gcc/arm-none-eabi/5.4.1/../../../../arm-none-eabi/lib/armv7-m\libcr_c.a(fpprintf.o)
                              ./freertos/src/FreeRTOSCommonHooks.o (printf)
c:/nxp/lpcxpresso_8.2.2_650/lpcxpresso/tools/bin/../lib/gcc/arm-none-eabi/5.4.1/../../../../arm-none-eabi/lib/armv7-m\libcr_c.a(initio.o)
[...]
Memory Configuration

Name             Origin             Length             Attributes
MFlashA512       0x1a000000         0x00080000         xr
MFlashB512       0x1b000000         0x00080000         xr
RamLoc32         0x10000000         0x00008000         xrw
RamLoc40         0x10080000         0x0000a000         xrw
RamAHB32         0x20000000         0x00008000         xrw
RamAHB16         0x20008000         0x00004000         xrw
RamAHB_ETB16     0x2000c000         0x00004000         xrw
*default*        0x00000000         0xffffffff

Linker script and memory map

LOAD ./freertos/src/FreeRTOSCommonHooks.o
LOAD ./freertos/src/croutine.o
LOAD ./freertos/src/event_groups.o
LOAD ./freertos/src/heap_3.o
LOAD ./freertos/src/list.o
LOAD ./freertos/src/port.o
LOAD ./freertos/src/queue.o
LOAD ./freertos/src/tasks.o
LOAD ./freertos/src/timers.o
LOAD ./example/src/cr_startup_lpc18xx.o
LOAD ./example/src/freertos_blinky.o
LOAD ./example/src/sysinit.o
LOAD C:\Users\Thomas\Documents\LPCXpresso_8.2.2_650\workspace\lpc_board_keil_mcb_1857\Release\liblpc_board_keil_mcb_1857.a
LOAD C:\Users\Thomas\Documents\LPCXpresso_8.2.2_650\workspace\lpc_chip_18xx\Release\liblpc_chip_18xx.a
START GROUP
LOAD c:/nxp/lpcxpresso_8.2.2_650/lpcxpresso/tools/bin/../lib/gcc/arm-none-eabi/5.4.1/../../../../arm-none-eabi/lib/armv7-m\libcr_nohost.a
LOAD c:/nxp/lpcxpresso_8.2.2_650/lpcxpresso/tools/bin/../lib/gcc/arm-none-eabi/5.4.1/../../../../arm-none-eabi/lib/armv7-m\libcr_c.a
LOAD c:/nxp/lpcxpresso_8.2.2_650/lpcxpresso/tools/bin/../lib/gcc/arm-none-eabi/5.4.1/armv7-m\libcr_eabihelpers.a
END GROUP
                0x1a000000                __base_MFlashA512 = 0x1a000000
                0x1a000000                __base_Flash = 0x1a000000
                0x1a080000                __top_MFlashA512 = 0x1a080000
                0x1a080000                __top_Flash = 0x1a080000
                0x1b000000                __base_MFlashB512 = 0x1b000000
                0x1b000000                __base_Flash2 = 0x1b000000
                0x1b080000                __top_MFlashB512 = 0x1b080000
                0x1b080000                __top_Flash2 = 0x1b080000
                0x10000000                __base_RamLoc32 = 0x10000000
                0x10000000                __base_RAM = 0x10000000
                0x10008000                __top_RamLoc32 = 0x10008000
                0x10008000                __top_RAM = 0x10008000
                0x10080000                __base_RamLoc40 = 0x10080000
                0x10080000                __base_RAM2 = 0x10080000
                0x1008a000                __top_RamLoc40 = 0x1008a000
                0x1008a000                __top_RAM2 = 0x1008a000
                0x20000000                __base_RamAHB32 = 0x20000000
                0x20000000                __base_RAM3 = 0x20000000
                0x20008000                __top_RamAHB32 = 0x20008000
                0x20008000                __top_RAM3 = 0x20008000
                0x20008000                __base_RamAHB16 = 0x20008000
                0x20008000                __base_RAM4 = 0x20008000
                0x2000c000                __top_RamAHB16 = 0x2000c000
                0x2000c000                __top_RAM4 = 0x2000c000
                0x2000c000                __base_RamAHB_ETB16 = 0x2000c000
                0x2000c000                __base_RAM5 = 0x2000c000
                0x20010000                __top_RamAHB_ETB16 = 0x20010000
                0x20010000                __top_RAM5 = 0x20010000

.text_Flash2    0x1b000000        0x0
 FILL mask 0xff
 *(.text_Flash2*)
 *(.text_MFlashB512*)
 *(.text.$Flash2*)
 *(.text.$MFlashB512*)
 *(.rodata.$Flash2*)
 *(.rodata.$MFlashB512*)

.text           0x1a000000     0x4380
 FILL mask 0xff
                0x1a000000                __vectors_start__ = ABSOLUTE (.)
 *(.isr_vector)
 .isr_vector    0x1a000000      0x114 ./example/src/cr_startup_lpc18xx.o
                0x1a000000                g_pfnVectors
                0x1a000114                . = ALIGN (0x4)
                0x1a000114                __section_table_start = .
                0x1a000114                __data_section_table = .
                0x1a000114        0x4 LONG 0x1a004380 LOADADDR (.data)
                0x1a000118        0x4 LONG 0x10000000 ADDR (.data)
                0x1a00011c        0x4 LONG 0x8 SIZEOF (.data)
                0x1a000120        0x4 LONG 0x1a004380 LOADADDR (.data_RAM2)
                0x1a000124        0x4 LONG 0x10080000 ADDR (.data_RAM2)
                0x1a000128        0x4 LONG 0x0 SIZEOF (.data_RAM2)
                0x1a00012c        0x4 LONG 0x1a004380 LOADADDR (.data_RAM3)
                0x1a000130        0x4 LONG 0x20000000 ADDR (.data_RAM3)
                0x1a000134        0x4 LONG 0x0 SIZEOF (.data_RAM3)
                0x1a000138        0x4 LONG 0x1a004380 LOADADDR (.data_RAM4)
                0x1a00013c        0x4 LONG 0x20008000 ADDR (.data_RAM4)
                0x1a000140        0x4 LONG 0x0 SIZEOF (.data_RAM4)
                0x1a000144        0x4 LONG 0x1a004380 LOADADDR (.data_RAM5)
                0x1a000148        0x4 LONG 0x2000c000 ADDR (.data_RAM5)
                0x1a00014c        0x4 LONG 0x0 SIZEOF (.data_RAM5)
                0x1a000150                __data_section_table_end = .
                0x1a000150                __bss_section_table = .
                0x1a000150        0x4 LONG 0x10000008 ADDR (.bss)
                0x1a000154        0x4 LONG 0x2a0 SIZEOF (.bss)
                0x1a000158        0x4 LONG 0x10080000 ADDR (.bss_RAM2)
                0x1a00015c        0x4 LONG 0x0 SIZEOF (.bss_RAM2)
                0x1a000160        0x4 LONG 0x20000000 ADDR (.bss_RAM3)
                0x1a000164        0x4 LONG 0x0 SIZEOF (.bss_RAM3)
                0x1a000168        0x4 LONG 0x20008000 ADDR (.bss_RAM4)
                0x1a00016c        0x4 LONG 0x0 SIZEOF (.bss_RAM4)
                0x1a000170        0x4 LONG 0x2000c000 ADDR (.bss_RAM5)
                0x1a000174        0x4 LONG 0x0 SIZEOF (.bss_RAM5)
                0x1a000178                __bss_section_table_end = .
                0x1a000178                __section_table_end = .
 *(.after_vectors*)
 .after_vectors
                0x1a000178       0x3e ./example/src/cr_startup_lpc18xx.o
                0x1a000178                NMI_Handler
                0x1a00017a                HardFault_Handler
                0x1a00017c                MemManage_Handler
                0x1a00017e                BusFault_Handler
                0x1a000180                UsageFault_Handler
                0x1a000184                DebugMon_Handler
                0x1a00018a                SDIO_IRQHandler
                0x1a00018a                ATIMER_IRQHandler
                0x1a00018a                RIT_IRQHandler
                0x1a00018a                I2C1_IRQHandler
                0x1a00018a                UART1_IRQHandler
                0x1a00018a                GPIO5_IRQHandler
                0x1a00018a                FLASH_EEPROM_IRQHandler
                0x1a00018a                USB1_IRQHandler
                0x1a00018a                I2S0_IRQHandler
                0x1a00018a                TIMER3_IRQHandler
                0x1a00018a                UART0_IRQHandler
                0x1a00018a                GINT1_IRQHandler
                0x1a00018a                SGPIO_IRQHandler
                0x1a00018a                CAN1_IRQHandler
                0x1a00018a                I2C0_IRQHandler
                0x1a00018a                GPIO6_IRQHandler
                0x1a00018a                IntDefaultHandler
                0x1a00018a                GPIO1_IRQHandler
                0x1a00018a                SSP0_IRQHandler
                0x1a00018a                ADC1_IRQHandler
                0x1a00018a                RTC_IRQHandler
                0x1a00018a                TIMER0_IRQHandler
                0x1a00018a                LCD_IRQHandler
                0x1a00018a                MCPWM_IRQHandler
                0x1a00018a                TIMER1_IRQHandler
                0x1a00018a                UART2_IRQHandler
                0x1a00018a                GPIO2_IRQHandler
                0x1a00018a                I2S1_IRQHandler
                0x1a00018a                SSP1_IRQHandler
                0x1a00018a                USB0_IRQHandler
                0x1a00018a                GPIO3_IRQHandler
                0x1a00018a                SCT_IRQHandler
                0x1a00018a                ADC0_IRQHandler
                0x1a00018a                WDT_IRQHandler
                0x1a00018a                GPIO7_IRQHandler
                0x1a00018a                SPIFI_IRQHandler
                0x1a00018a                QEI_IRQHandler
                0x1a00018a                ETH_IRQHandler
                0x1a00018a                CAN0_IRQHandler
                0x1a00018a                GINT0_IRQHandler
                0x1a00018a                DAC_IRQHandler
                0x1a00018a                GPIO0_IRQHandler
                0x1a00018a                DMA_IRQHandler
                0x1a00018a                EVRT_IRQHandler
                0x1a00018a                TIMER2_IRQHandler
                0x1a00018a                UART3_IRQHandler
                0x1a00018a                GPIO4_IRQHandler
                0x1a00018c                data_init
                0x1a0001a2                bss_init
 *(.text*)
 .text.vApplicationIdleHook
                0x1a0001b6        0x4 ./freertos/src/FreeRTOSCommonHooks.o
                0x1a0001b6                vApplicationIdleHook
 .text.pvPortMalloc
                0x1a0001ba       0x18 ./freertos/src/heap_3.o
                0x1a0001ba                pvPortMalloc
 .text.vPortFree
                0x1a0001d2       0x1a ./freertos/src/heap_3.o
                0x1a0001d2                vPortFree
 .text.vListInitialise
                0x1a0001ec       0x16 ./freertos/src/list.o
                0x1a0001ec                vListInitialise
 .text.vListInitialiseItem
                0x1a000202        0x6 ./freertos/src/list.o
                0x1a000202                vListInitialiseItem
 .text.vListInsertEnd
                0x1a000208       0x18 ./freertos/src/list.o
                0x1a000208                vListInsertEnd
 .text.vListInsert
                0x1a000220       0x30 ./freertos/src/list.o
                0x1a000220                vListInsert
 .text.uxListRemove
                0x1a000250       0x20 ./freertos/src/list.o
                0x1a000250                uxListRemove
 .text.prvPortStartFirstTask
                0x1a000270       0x1c ./freertos/src/port.o
 .text.pxPortInitialiseStack
                0x1a00028c       0x1c ./freertos/src/port.o
                0x1a00028c                pxPortInitialiseStack
 .text.SVC_Handler
                0x1a0002a8       0x24 ./freertos/src/port.o
                0x1a0002a8                SVC_Handler
 .text.vPortYield
                0x1a0002cc       0x18 ./freertos/src/port.o
                0x1a0002cc                vPortYield
 .text.ulPortSetInterruptMask
                0x1a0002e4       0x10 ./freertos/src/port.o
                0x1a0002e4                ulPortSetInterruptMask
 .text.prvTaskExitError
                0x1a0002f4        0x8 ./freertos/src/port.o
 .text.vPortEnterCritical
                0x1a0002fc       0x1c ./freertos/src/port.o
                0x1a0002fc                vPortEnterCritical
 .text.vPortClearInterruptMask
                0x1a000318        0x6 ./freertos/src/port.o
                0x1a000318                vPortClearInterruptMask
 *fill*         0x1a00031e        0x2 ff
 .text.vPortExitCritical
                0x1a000320       0x14 ./freertos/src/port.o
                0x1a000320                vPortExitCritical
 .text.PendSV_Handler
                0x1a000334       0x44 ./freertos/src/port.o
                0x1a000334                PendSV_Handler
 .text.SysTick_Handler
                0x1a000378       0x24 ./freertos/src/port.o
                0x1a000378                SysTick_Handler
 .text.vPortSuppressTicksAndSleep
                0x1a00039c       0xfc ./freertos/src/port.o
                0x1a00039c                vPortSuppressTicksAndSleep
 .text.vPortSetupTimerInterrupt
                0x1a000498       0x50 ./freertos/src/port.o
                0x1a000498                vPortSetupTimerInterrupt
 .text.xPortStartScheduler
                0x1a0004e8       0x30 ./freertos/src/port.o
                0x1a0004e8                xPortStartScheduler
 .text.prvGetExpectedIdleTime
                0x1a000518       0x30 ./freertos/src/tasks.o
 .text.prvResetNextTaskUnblockTime
                0x1a000548       0x24 ./freertos/src/tasks.o
 .text.prvAddCurrentTaskToDelayedList
                0x1a00056c       0x50 ./freertos/src/tasks.o
 .text.xTaskGenericCreate
                0x1a0005bc      0x1a0 ./freertos/src/tasks.o
                0x1a0005bc                xTaskGenericCreate
 .text.vTaskStartScheduler
                0x1a00075c       0x4c ./freertos/src/tasks.o
                0x1a00075c                vTaskStartScheduler
 .text.vTaskSuspendAll
                0x1a0007a8       0x10 ./freertos/src/tasks.o
                0x1a0007a8                vTaskSuspendAll
 .text.vTaskStepTick
                0x1a0007b8       0x10 ./freertos/src/tasks.o
                0x1a0007b8                vTaskStepTick
 .text.xTaskIncrementTick
                0x1a0007c8      0x110 ./freertos/src/tasks.o
                0x1a0007c8                xTaskIncrementTick
 .text.xTaskResumeAll
                0x1a0008d8       0xc4 ./freertos/src/tasks.o
                0x1a0008d8                xTaskResumeAll
 .text.vTaskDelay
                0x1a00099c       0x38 ./freertos/src/tasks.o
                0x1a00099c                vTaskDelay
 .text.prvIdleTask
                0x1a0009d4       0x88 ./freertos/src/tasks.o
 .text.vTaskSwitchContext
                0x1a000a5c       0x6c ./freertos/src/tasks.o
                0x1a000a5c                vTaskSwitchContext
 .text.eTaskConfirmSleepModeStatus
                0x1a000ac8       0x34 ./freertos/src/tasks.o
                0x1a000ac8                eTaskConfirmSleepModeStatus
 .text.ResetISR
                0x1a000afc       0x88 ./example/src/cr_startup_lpc18xx.o
                0x1a000afc                ResetISR
 .text.vUARTTask
                0x1a000b84       0x1c ./example/src/freertos_blinky.o
 .text.vLEDTask2
                0x1a000ba0       0x18 ./example/src/freertos_blinky.o
 .text.vLEDTask1
                0x1a000bb8       0x18 ./example/src/freertos_blinky.o
 .text.startup.main
                0x1a000bd0       0x78 ./example/src/freertos_blinky.o
                0x1a000bd0                main
 .text.SystemInit
                0x1a000c48       0x14 ./example/src/sysinit.o
                0x1a000c48                SystemInit
 .text.Board_Debug_Init
                0x1a000c5c       0x34 C:\Users\Thomas\Documents\LPCXpresso_8.2.2_650\workspace\lpc_board_keil_mcb_1857\Release\liblpc_board_keil_mcb_1857.a(board.o)
                0x1a000c5c                Board_Debug_Init
 .text.Board_UARTPutChar
                0x1a000c90       0x14 C:\Users\Thomas\Documents\LPCXpresso_8.2.2_650\workspace\lpc_board_keil_mcb_1857\Release\liblpc_board_keil_mcb_1857.a(board.o)
                0x1a000c90                Board_UARTPutChar
 .text.__sys_write
                0x1a000ca4       0x18 C:\Users\Thomas\Documents\LPCXpresso_8.2.2_650\workspace\lpc_board_keil_mcb_1857\Release\liblpc_board_keil_mcb_1857.a(board.o)
                0x1a000ca4                __sys_write
 .text.Board_LED_Set
                0x1a000cbc       0x24 C:\Users\Thomas\Documents\LPCXpresso_8.2.2_650\workspace\lpc_board_keil_mcb_1857\Release\liblpc_board_keil_mcb_1857.a(board.o)
                0x1a000cbc                Board_LED_Set
 .text.Board_Init
                0x1a000ce0       0x6c C:\Users\Thomas\Documents\LPCXpresso_8.2.2_650\workspace\lpc_board_keil_mcb_1857\Release\liblpc_board_keil_mcb_1857.a(board.o)
                0x1a000ce0                Board_Init
 .text.Board_SetupMuxing
                0x1a000d4c       0x5c C:\Users\Thomas\Documents\LPCXpresso_8.2.2_650\workspace\lpc_board_keil_mcb_1857\Release\liblpc_board_keil_mcb_1857.a(board_sysinit.o)
                0x1a000d4c                Board_SetupMuxing
 .text.Board_SetupExtMemory
                0x1a000da8       0x68 C:\Users\Thomas\Documents\LPCXpresso_8.2.2_650\workspace\lpc_board_keil_mcb_1857\Release\liblpc_board_keil_mcb_1857.a(board_sysinit.o)
                0x1a000da8                Board_SetupExtMemory
 .text.Board_SetupClocking
                0x1a000e10       0x9c C:\Users\Thomas\Documents\LPCXpresso_8.2.2_650\workspace\lpc_board_keil_mcb_1857\Release\liblpc_board_keil_mcb_1857.a(board_sysinit.o)
                0x1a000e10                Board_SetupClocking
 .text.Board_SystemInit
                0x1a000eac       0x12 C:\Users\Thomas\Documents\LPCXpresso_8.2.2_650\workspace\lpc_board_keil_mcb_1857\Release\liblpc_board_keil_mcb_1857.a(board_sysinit.o)
                0x1a000eac                Board_SystemInit
 *fill*         0x1a000ebe        0x2 ff
 .text.SystemCoreClockUpdate
                0x1a000ec0       0x14 C:\Users\Thomas\Documents\LPCXpresso_8.2.2_650\workspace\lpc_chip_18xx\Release\liblpc_chip_18xx.a(chip_18xx_43xx.o)
                0x1a000ec0                SystemCoreClockUpdate
 .text.pll_calc_divs
                0x1a000ed4       0x90 C:\Users\Thomas\Documents\LPCXpresso_8.2.2_650\workspace\lpc_chip_18xx\Release\liblpc_chip_18xx.a(clock_18xx_43xx.o)
 .text.Chip_Clock_EnableCrystal
                0x1a000f64       0x48 C:\Users\Thomas\Documents\LPCXpresso_8.2.2_650\workspace\lpc_chip_18xx\Release\liblpc_chip_18xx.a(clock_18xx_43xx.o)
                0x1a000f64                Chip_Clock_EnableCrystal
 .text.Chip_Clock_SetDivider
                0x1a000fac       0x40 C:\Users\Thomas\Documents\LPCXpresso_8.2.2_650\workspace\lpc_chip_18xx\Release\liblpc_chip_18xx.a(clock_18xx_43xx.o)
                0x1a000fac                Chip_Clock_SetDivider
 .text.Chip_Clock_GetDividerSource
                0x1a000fec       0x18 C:\Users\Thomas\Documents\LPCXpresso_8.2.2_650\workspace\lpc_chip_18xx\Release\liblpc_chip_18xx.a(clock_18xx_43xx.o)
                0x1a000fec                Chip_Clock_GetDividerSource
 .text.Chip_Clock_GetClockInputHz
                0x1a001004       0xa0 C:\Users\Thomas\Documents\LPCXpresso_8.2.2_650\workspace\lpc_chip_18xx\Release\liblpc_chip_18xx.a(clock_18xx_43xx.o)
                0x1a001004                Chip_Clock_GetClockInputHz
 .text.Chip_Clock_CalcMainPLLValue
                0x1a0010a4      0x138 C:\Users\Thomas\Documents\LPCXpresso_8.2.2_650\workspace\lpc_chip_18xx\Release\liblpc_chip_18xx.a(clock_18xx_43xx.o)
                0x1a0010a4                Chip_Clock_CalcMainPLLValue
 .text.Chip_Clock_GetMainPLLHz
                0x1a0011dc       0x60 C:\Users\Thomas\Documents\LPCXpresso_8.2.2_650\workspace\lpc_chip_18xx\Release\liblpc_chip_18xx.a(clock_18xx_43xx.o)
                0x1a0011dc                Chip_Clock_GetMainPLLHz
 .text.Chip_Clock_GetDivRate.isra.0
                0x1a00123c       0x30 C:\Users\Thomas\Documents\LPCXpresso_8.2.2_650\workspace\lpc_chip_18xx\Release\liblpc_chip_18xx.a(clock_18xx_43xx.o)
 .text.Chip_Clock_SetBaseClock
                0x1a00126c       0x3c C:\Users\Thomas\Documents\LPCXpresso_8.2.2_650\workspace\lpc_chip_18xx\Release\liblpc_chip_18xx.a(clock_18xx_43xx.o)
                0x1a00126c                Chip_Clock_SetBaseClock
 .text.Chip_Clock_GetBaseClock
                0x1a0012a8       0x1c C:\Users\Thomas\Documents\LPCXpresso_8.2.2_650\workspace\lpc_chip_18xx\Release\liblpc_chip_18xx.a(clock_18xx_43xx.o)
                0x1a0012a8                Chip_Clock_GetBaseClock
 .text.Chip_Clock_GetBaseClocktHz
                0x1a0012c4        0xe C:\Users\Thomas\Documents\LPCXpresso_8.2.2_650\workspace\lpc_chip_18xx\Release\liblpc_chip_18xx.a(clock_18xx_43xx.o)
                0x1a0012c4                Chip_Clock_GetBaseClocktHz
 *fill*         0x1a0012d2        0x2 ff
 .text.Chip_Clock_EnableOpts
                0x1a0012d4       0x38 C:\Users\Thomas\Documents\LPCXpresso_8.2.2_650\workspace\lpc_chip_18xx\Release\liblpc_chip_18xx.a(clock_18xx_43xx.o)
                0x1a0012d4                Chip_Clock_EnableOpts
 .text.Chip_Clock_Enable
                0x1a00130c       0x30 C:\Users\Thomas\Documents\LPCXpresso_8.2.2_650\workspace\lpc_chip_18xx\Release\liblpc_chip_18xx.a(clock_18xx_43xx.o)
                0x1a00130c                Chip_Clock_Enable
 .text.Chip_Clock_GetRate
                0x1a00133c       0x64 C:\Users\Thomas\Documents\LPCXpresso_8.2.2_650\workspace\lpc_chip_18xx\Release\liblpc_chip_18xx.a(clock_18xx_43xx.o)
                0x1a00133c                Chip_Clock_GetRate
 .text.Chip_Clock_GetEMCRate
                0x1a0013a0       0x2c C:\Users\Thomas\Documents\LPCXpresso_8.2.2_650\workspace\lpc_chip_18xx\Release\liblpc_chip_18xx.a(clock_18xx_43xx.o)
                0x1a0013a0                Chip_Clock_GetEMCRate
 .text.convertTimmingParam
                0x1a0013cc       0x2c C:\Users\Thomas\Documents\LPCXpresso_8.2.2_650\workspace\lpc_chip_18xx\Release\liblpc_chip_18xx.a(emc_18xx_43xx.o)
 .text.initDynMem
                0x1a0013f8      0x1a4 C:\Users\Thomas\Documents\LPCXpresso_8.2.2_650\workspace\lpc_chip_18xx\Release\liblpc_chip_18xx.a(emc_18xx_43xx.o)
                0x1a0013f8                initDynMem
 .text.initStaticMem
                0x1a00159c       0x68 C:\Users\Thomas\Documents\LPCXpresso_8.2.2_650\workspace\lpc_chip_18xx\Release\liblpc_chip_18xx.a(emc_18xx_43xx.o)
                0x1a00159c                initStaticMem
 .text.Chip_EMC_Dynamic_Init
                0x1a001604       0x1c C:\Users\Thomas\Documents\LPCXpresso_8.2.2_650\workspace\lpc_chip_18xx\Release\liblpc_chip_18xx.a(emc_18xx_43xx.o)
                0x1a001604                Chip_EMC_Dynamic_Init
 .text.Chip_EMC_Static_Init
                0x1a001620       0x1c C:\Users\Thomas\Documents\LPCXpresso_8.2.2_650\workspace\lpc_chip_18xx\Release\liblpc_chip_18xx.a(emc_18xx_43xx.o)
                0x1a001620                Chip_EMC_Static_Init
 .text.Chip_EMC_Init
                0x1a00163c       0x28 C:\Users\Thomas\Documents\LPCXpresso_8.2.2_650\workspace\lpc_chip_18xx\Release\liblpc_chip_18xx.a(emc_18xx_43xx.o)
                0x1a00163c                Chip_EMC_Init
 .text.Chip_GPIO_Init
                0x1a001664        0x2 C:\Users\Thomas\Documents\LPCXpresso_8.2.2_650\workspace\lpc_chip_18xx\Release\liblpc_chip_18xx.a(gpio_18xx_43xx.o)
                0x1a001664                Chip_GPIO_Init
 *fill*         0x1a001666        0x2 ff
 .text.Chip_Clock_SetupMainPLL
                0x1a001668       0x24 C:\Users\Thomas\Documents\LPCXpresso_8.2.2_650\workspace\lpc_chip_18xx\Release\liblpc_chip_18xx.a(sysinit_18xx_43xx.o)
 .text.Chip_SetupCoreClock
                0x1a00168c      0x10c C:\Users\Thomas\Documents\LPCXpresso_8.2.2_650\workspace\lpc_chip_18xx\Release\liblpc_chip_18xx.a(sysinit_18xx_43xx.o)
                0x1a00168c                Chip_SetupCoreClock
 .text.Chip_UART_GetIndex
                0x1a001798       0x28 C:\Users\Thomas\Documents\LPCXpresso_8.2.2_650\workspace\lpc_chip_18xx\Release\liblpc_chip_18xx.a(uart_18xx_43xx.o)
 .text.Chip_UART_Init
                0x1a0017c0       0x50 C:\Users\Thomas\Documents\LPCXpresso_8.2.2_650\workspace\lpc_chip_18xx\Release\liblpc_chip_18xx.a(uart_18xx_43xx.o)
                0x1a0017c0                Chip_UART_Init
 .text.Chip_UART_SetBaud
                0x1a001810       0x40 C:\Users\Thomas\Documents\LPCXpresso_8.2.2_650\workspace\lpc_chip_18xx\Release\liblpc_chip_18xx.a(uart_18xx_43xx.o)
                0x1a001810                Chip_UART_SetBaud
 .text.__main   0x1a001850       0x14 c:/nxp/lpcxpresso_8.2.2_650/lpcxpresso/tools/bin/../lib/gcc/arm-none-eabi/5.4.1/../../../../arm-none-eabi/lib/armv7-m\libcr_nohost.a(_cr__main.o)
                0x1a001850                __main
 .text.memset   0x1a001864        0x4 c:/nxp/lpcxpresso_8.2.2_650/lpcxpresso/tools/bin/../lib/gcc/arm-none-eabi/5.4.1/../../../../arm-none-eabi/lib/armv7-m\libcr_c.a(memset.o)
                0x1a001864                memset
 .text.malloc   0x1a001868       0xc8 c:/nxp/lpcxpresso_8.2.2_650/lpcxpresso/tools/bin/../lib/gcc/arm-none-eabi/5.4.1/../../../../arm-none-eabi/lib/armv7-m\libcr_c.a(alloc.o)
                0x1a001868                malloc
 .text.free     0x1a001930       0x30 c:/nxp/lpcxpresso_8.2.2_650/lpcxpresso/tools/bin/../lib/gcc/arm-none-eabi/5.4.1/../../../../arm-none-eabi/lib/armv7-m\libcr_c.a(alloc.o)
                0x1a001930                free
 .text._Csys_alloc
                0x1a001960       0x20 c:/nxp/lpcxpresso_8.2.2_650/lpcxpresso/tools/bin/../lib/gcc/arm-none-eabi/5.4.1/../../../../arm-none-eabi/lib/armv7-m\libcr_c.a(alloc.o)
                0x1a001960                _Csys_alloc
 .text.fp_round
                0x1a001980       0x4c c:/nxp/lpcxpresso_8.2.2_650/lpcxpresso/tools/bin/../lib/gcc/arm-none-eabi/5.4.1/../../../../arm-none-eabi/lib/armv7-m\libcr_c.a(fpprintf.o)
 .text.pr_dec.constprop.1
                0x1a0019cc       0x26 c:/nxp/lpcxpresso_8.2.2_650/lpcxpresso/tools/bin/../lib/gcc/arm-none-eabi/5.4.1/../../../../arm-none-eabi/lib/armv7-m\libcr_c.a(fpprintf.o)
 *fill*         0x1a0019f2        0x2 ff
 .text.sprintf  0x1a0019f4       0x6c c:/nxp/lpcxpresso_8.2.2_650/lpcxpresso/tools/bin/../lib/gcc/arm-none-eabi/5.4.1/../../../../arm-none-eabi/lib/armv7-m\libcr_c.a(fpprintf.o)
                0x1a0019f4                sprintf
 .text.fp_display
                0x1a001a60      0x8ec c:/nxp/lpcxpresso_8.2.2_650/lpcxpresso/tools/bin/../lib/gcc/arm-none-eabi/5.4.1/../../../../arm-none-eabi/lib/armv7-m\libcr_c.a(fpprintf.o)
 .text.vsnprintf
                0x1a00234c       0x5c c:/nxp/lpcxpresso_8.2.2_650/lpcxpresso/tools/bin/../lib/gcc/arm-none-eabi/5.4.1/../../../../arm-none-eabi/lib/armv7-m\libcr_c.a(fpprintf.o)
                0x1a00234c                vsnprintf
 .text.printf   0x1a0023a8       0x54 c:/nxp/lpcxpresso_8.2.2_650/lpcxpresso/tools/bin/../lib/gcc/arm-none-eabi/5.4.1/../../../../arm-none-eabi/lib/armv7-m\libcr_c.a(fpprintf.o)
                0x1a0023a8                printf
 .text._initio  0x1a0023fc       0xa4 c:/nxp/lpcxpresso_8.2.2_650/lpcxpresso/tools/bin/../lib/gcc/arm-none-eabi/5.4.1/../../../../arm-none-eabi/lib/armv7-m\libcr_c.a(initio.o)
                0x1a0023fc                _initio
 .text.__vfprintf
                0x1a0024a0      0xd28 c:/nxp/lpcxpresso_8.2.2_650/lpcxpresso/tools/bin/../lib/gcc/arm-none-eabi/5.4.1/../../../../arm-none-eabi/lib/armv7-m\libcr_c.a(printf.o)
                0x1a0024a0                __vfprintf
 .text.setvbuf  0x1a0031c8       0x40 c:/nxp/lpcxpresso_8.2.2_650/lpcxpresso/tools/bin/../lib/gcc/arm-none-eabi/5.4.1/../../../../arm-none-eabi/lib/armv7-m\libcr_c.a(setvbuf.o)
                0x1a0031c8                setvbuf
 .text.strlen   0x1a003208       0x4a c:/nxp/lpcxpresso_8.2.2_650/lpcxpresso/tools/bin/../lib/gcc/arm-none-eabi/5.4.1/../../../../arm-none-eabi/lib/armv7-m\libcr_c.a(strlen.o)
                0x1a003208                strlen
 *fill*         0x1a003252        0x2 ff
 .text._sbrk    0x1a003254       0x40 c:/nxp/lpcxpresso_8.2.2_650/lpcxpresso/tools/bin/../lib/gcc/arm-none-eabi/5.4.1/../../../../arm-none-eabi/lib/armv7-m\libcr_c.a(_cr_sbrk.o)
                0x1a003254                _sbrk
 .text._deferredlazyseek
                0x1a003294       0x44 c:/nxp/lpcxpresso_8.2.2_650/lpcxpresso/tools/bin/../lib/gcc/arm-none-eabi/5.4.1/../../../../arm-none-eabi/lib/armv7-m\libcr_c.a(_deferredlazyseek.o)
                0x1a003294                _deferredlazyseek
 .text.__flsbuf
                0x1a0032d8      0x140 c:/nxp/lpcxpresso_8.2.2_650/lpcxpresso/tools/bin/../lib/gcc/arm-none-eabi/5.4.1/../../../../arm-none-eabi/lib/armv7-m\libcr_c.a(_deferredlazyseek.o)
                0x1a0032d8                __flsbuf
 .text._fdopen  0x1a003418       0x6a c:/nxp/lpcxpresso_8.2.2_650/lpcxpresso/tools/bin/../lib/gcc/arm-none-eabi/5.4.1/../../../../arm-none-eabi/lib/armv7-m\libcr_c.a(_fdopen.o)
                0x1a003418                _fdopen
 .text._fflush  0x1a003482       0x58 c:/nxp/lpcxpresso_8.2.2_650/lpcxpresso/tools/bin/../lib/gcc/arm-none-eabi/5.4.1/../../../../arm-none-eabi/lib/armv7-m\libcr_c.a(_fflush.o)
                0x1a003482                _fflush
 .text._frexpl  0x1a0034da       0x5a c:/nxp/lpcxpresso_8.2.2_650/lpcxpresso/tools/bin/../lib/gcc/arm-none-eabi/5.4.1/../../../../arm-none-eabi/lib/armv7-m\libcr_c.a(_frexpl.o)
                0x1a0034da                _frexpl
 .text._ldexpl  0x1a003534       0x4c c:/nxp/lpcxpresso_8.2.2_650/lpcxpresso/tools/bin/../lib/gcc/arm-none-eabi/5.4.1/../../../../arm-none-eabi/lib/armv7-m\libcr_c.a(_ldexpl.o)
                0x1a003534                _ldexpl
 .text._Cwritebuf
                0x1a003580       0x68 c:/nxp/lpcxpresso_8.2.2_650/lpcxpresso/tools/bin/../lib/gcc/arm-none-eabi/5.4.1/../../../../arm-none-eabi/lib/armv7-m\libcr_c.a(_writebuf.o)
                0x1a003580                _Cwritebuf
 .text.fclose   0x1a0035e8       0x6c c:/nxp/lpcxpresso_8.2.2_650/lpcxpresso/tools/bin/../lib/gcc/arm-none-eabi/5.4.1/../../../../arm-none-eabi/lib/armv7-m\libcr_c.a(fclose.o)
                0x1a0035e8                fclose
 .text.fflush   0x1a003654       0x30 c:/nxp/lpcxpresso_8.2.2_650/lpcxpresso/tools/bin/../lib/gcc/arm-none-eabi/5.4.1/../../../../arm-none-eabi/lib/armv7-m\libcr_c.a(fflush.o)
                0x1a003654                fflush
 .text.fseek    0x1a003684      0x110 c:/nxp/lpcxpresso_8.2.2_650/lpcxpresso/tools/bin/../lib/gcc/arm-none-eabi/5.4.1/../../../../arm-none-eabi/lib/armv7-m\libcr_c.a(fseek.o)
                0x1a003684                fseek
 .text.ftell    0x1a003794       0x4c c:/nxp/lpcxpresso_8.2.2_650/lpcxpresso/tools/bin/../lib/gcc/arm-none-eabi/5.4.1/../../../../arm-none-eabi/lib/armv7-m\libcr_c.a(ftell.o)
                0x1a003794                ftell
 .text.remove   0x1a0037e0       0x14 c:/nxp/lpcxpresso_8.2.2_650/lpcxpresso/tools/bin/../lib/gcc/arm-none-eabi/5.4.1/../../../../arm-none-eabi/lib/armv7-m\libcr_c.a(remove.o)
                0x1a0037e0                remove
 .text.__check_heap_overflow
                0x1a0037f4       0x18 c:/nxp/lpcxpresso_8.2.2_650/lpcxpresso/tools/bin/../lib/gcc/arm-none-eabi/5.4.1/../../../../arm-none-eabi/lib/armv7-m\libcr_c.a(_cr_check_heap.o)
                0x1a0037f4                __check_heap_overflow
 .text._do_fflush
                0x1a00380c       0x44 c:/nxp/lpcxpresso_8.2.2_650/lpcxpresso/tools/bin/../lib/gcc/arm-none-eabi/5.4.1/../../../../arm-none-eabi/lib/armv7-m\libcr_c.a(_do_fflush.o)
                0x1a00380c                _do_fflush
 .text.__aeabi_dmul
                0x1a003850      0x110 c:/nxp/lpcxpresso_8.2.2_650/lpcxpresso/tools/bin/../lib/gcc/arm-none-eabi/5.4.1/armv7-m\libcr_eabihelpers.a(double.o)
                0x1a003850                __aeabi_dmul
 .text.__aeabi_ddiv
                0x1a003960      0x138 c:/nxp/lpcxpresso_8.2.2_650/lpcxpresso/tools/bin/../lib/gcc/arm-none-eabi/5.4.1/armv7-m\libcr_eabihelpers.a(double.o)
                0x1a003960                __aeabi_ddiv
 .text.__aeabi_dsub
                0x1a003a98      0x1a0 c:/nxp/lpcxpresso_8.2.2_650/lpcxpresso/tools/bin/../lib/gcc/arm-none-eabi/5.4.1/armv7-m\libcr_eabihelpers.a(double.o)
                0x1a003a98                __aeabi_dsub
 .text.__aeabi_dadd
                0x1a003c38      0x10c c:/nxp/lpcxpresso_8.2.2_650/lpcxpresso/tools/bin/../lib/gcc/arm-none-eabi/5.4.1/armv7-m\libcr_eabihelpers.a(double.o)
                0x1a003c38                __aeabi_dadd
 .text.__aeabi_d2iz
                0x1a003d44       0x40 c:/nxp/lpcxpresso_8.2.2_650/lpcxpresso/tools/bin/../lib/gcc/arm-none-eabi/5.4.1/armv7-m\libcr_eabihelpers.a(double.o)
                0x1a003d44                __aeabi_d2iz
 .text.__bhs_ui2d
                0x1a003d84       0x46 c:/nxp/lpcxpresso_8.2.2_650/lpcxpresso/tools/bin/../lib/gcc/arm-none-eabi/5.4.1/armv7-m\libcr_eabihelpers.a(double.o)
                0x1a003d84                __bhs_ui2d
 .text.__aeabi_i2d
                0x1a003dca       0x10 c:/nxp/lpcxpresso_8.2.2_650/lpcxpresso/tools/bin/../lib/gcc/arm-none-eabi/5.4.1/armv7-m\libcr_eabihelpers.a(double.o)
                0x1a003dca                __aeabi_i2d
 .text.__aeabi_dcmpeq
                0x1a003dda       0x2c c:/nxp/lpcxpresso_8.2.2_650/lpcxpresso/tools/bin/../lib/gcc/arm-none-eabi/5.4.1/armv7-m\libcr_eabihelpers.a(double.o)
                0x1a003dda                __aeabi_dcmpeq
 .text.__aeabi_dcmplt
                0x1a003e06       0x54 c:/nxp/lpcxpresso_8.2.2_650/lpcxpresso/tools/bin/../lib/gcc/arm-none-eabi/5.4.1/armv7-m\libcr_eabihelpers.a(double.o)
                0x1a003e06                __aeabi_dcmplt
 .text.__aeabi_dcmple
                0x1a003e5a       0x54 c:/nxp/lpcxpresso_8.2.2_650/lpcxpresso/tools/bin/../lib/gcc/arm-none-eabi/5.4.1/armv7-m\libcr_eabihelpers.a(double.o)
                0x1a003e5a                __aeabi_dcmple
 .text.__aeabi_dcmpge
                0x1a003eae       0x54 c:/nxp/lpcxpresso_8.2.2_650/lpcxpresso/tools/bin/../lib/gcc/arm-none-eabi/5.4.1/armv7-m\libcr_eabihelpers.a(double.o)
                0x1a003eae                __aeabi_dcmpge
 .text.__aeabi_memset_lowlevel
                0x1a003f02       0x32 c:/nxp/lpcxpresso_8.2.2_650/lpcxpresso/tools/bin/../lib/gcc/arm-none-eabi/5.4.1/armv7-m\libcr_eabihelpers.a(memcpy.o)
                0x1a003f02                __aeabi_lowlevel_memset
 .text.__sys_appexit
                0x1a003f34        0x2 c:/nxp/lpcxpresso_8.2.2_650/lpcxpresso/tools/bin/../lib/gcc/arm-none-eabi/5.4.1/../../../../arm-none-eabi/lib/armv7-m\libcr_nohost.a(__sys_appexit.o)
                0x1a003f34                __sys_appexit
                0x1a003f34                __exit
 .text.__sys_close
                0x1a003f36        0x6 c:/nxp/lpcxpresso_8.2.2_650/lpcxpresso/tools/bin/../lib/gcc/arm-none-eabi/5.4.1/../../../../arm-none-eabi/lib/armv7-m\libcr_nohost.a(__sys_close.o)
                0x1a003f36                __sys_close
 .text.__sys_flen
                0x1a003f3c        0x6 c:/nxp/lpcxpresso_8.2.2_650/lpcxpresso/tools/bin/../lib/gcc/arm-none-eabi/5.4.1/../../../../arm-none-eabi/lib/armv7-m\libcr_nohost.a(__sys_flen.o)
                0x1a003f3c                __sys_flen
 .text.__sys_istty
                0x1a003f42        0x6 c:/nxp/lpcxpresso_8.2.2_650/lpcxpresso/tools/bin/../lib/gcc/arm-none-eabi/5.4.1/../../../../arm-none-eabi/lib/armv7-m\libcr_nohost.a(__sys_istty.o)
                0x1a003f42                __sys_istty
 .text.__sys_remove
                0x1a003f48        0x6 c:/nxp/lpcxpresso_8.2.2_650/lpcxpresso/tools/bin/../lib/gcc/arm-none-eabi/5.4.1/../../../../arm-none-eabi/lib/armv7-m\libcr_nohost.a(__sys_remove.o)
                0x1a003f48                __sys_remove
 .text.__sys_seek
                0x1a003f4e        0x6 c:/nxp/lpcxpresso_8.2.2_650/lpcxpresso/tools/bin/../lib/gcc/arm-none-eabi/5.4.1/../../../../arm-none-eabi/lib/armv7-m\libcr_nohost.a(__sys_seek.o)
                0x1a003f4e                __sys_seek
 .text.__sys_tmpnam
                0x1a003f54        0x6 c:/nxp/lpcxpresso_8.2.2_650/lpcxpresso/tools/bin/../lib/gcc/arm-none-eabi/5.4.1/../../../../arm-none-eabi/lib/armv7-m\libcr_nohost.a(__sys_tmpnam.o)
                0x1a003f54                __sys_tmpnam
 *(.rodata .rodata.* .constdata .constdata.*)
 .rodata.str1.1
                0x1a003f5a        0x5 ./freertos/src/tasks.o
 .rodata.str1.1
                0x1a003f5f       0x2a ./example/src/freertos_blinky.o
 .rodata.ledports
                0x1a003f89        0x8 C:\Users\Thomas\Documents\LPCXpresso_8.2.2_650\workspace\lpc_board_keil_mcb_1857\Release\liblpc_board_keil_mcb_1857.a(board.o)
 .rodata.ledbits
                0x1a003f91        0x8 C:\Users\Thomas\Documents\LPCXpresso_8.2.2_650\workspace\lpc_board_keil_mcb_1857\Release\liblpc_board_keil_mcb_1857.a(board.o)
 *fill*         0x1a003f99        0x3 ff
 .rodata.OscRateIn
                0x1a003f9c        0x4 C:\Users\Thomas\Documents\LPCXpresso_8.2.2_650\workspace\lpc_board_keil_mcb_1857\Release\liblpc_board_keil_mcb_1857.a(board.o)
                0x1a003f9c                OscRateIn
 .rodata.ExtRateIn
                0x1a003fa0        0x4 C:\Users\Thomas\Documents\LPCXpresso_8.2.2_650\workspace\lpc_board_keil_mcb_1857\Release\liblpc_board_keil_mcb_1857.a(board.o)
                0x1a003fa0                ExtRateIn
 .rodata.MT48LC4M32_config
                0x1a003fa4       0x74 C:\Users\Thomas\Documents\LPCXpresso_8.2.2_650\workspace\lpc_board_keil_mcb_1857\Release\liblpc_board_keil_mcb_1857.a(board_sysinit.o)
 .rodata.S29GL64N90_config
                0x1a004018       0x20 C:\Users\Thomas\Documents\LPCXpresso_8.2.2_650\workspace\lpc_board_keil_mcb_1857\Release\liblpc_board_keil_mcb_1857.a(board_sysinit.o)
 .rodata.pinmuxing
                0x1a004038      0x1f0 C:\Users\Thomas\Documents\LPCXpresso_8.2.2_650\workspace\lpc_board_keil_mcb_1857\Release\liblpc_board_keil_mcb_1857.a(board_sysinit.o)
 .rodata.spifipinmuxing
                0x1a004228       0x18 C:\Users\Thomas\Documents\LPCXpresso_8.2.2_650\workspace\lpc_board_keil_mcb_1857\Release\liblpc_board_keil_mcb_1857.a(board_sysinit.o)
 .rodata        0x1a004240        0x4 C:\Users\Thomas\Documents\LPCXpresso_8.2.2_650\workspace\lpc_chip_18xx\Release\liblpc_chip_18xx.a(clock_18xx_43xx.o)
 .rodata.str1.1
                0x1a004244        0x6 C:\Users\Thomas\Documents\LPCXpresso_8.2.2_650\workspace\lpc_chip_18xx\Release\liblpc_chip_18xx.a(clock_18xx_43xx.o)
 .rodata.periph_to_base
                0x1a00424a       0x5a C:\Users\Thomas\Documents\LPCXpresso_8.2.2_650\workspace\lpc_chip_18xx\Release\liblpc_chip_18xx.a(clock_18xx_43xx.o)
 .rodata.InitClkStates
                0x1a0042a4       0x3c C:\Users\Thomas\Documents\LPCXpresso_8.2.2_650\workspace\lpc_chip_18xx\Release\liblpc_chip_18xx.a(sysinit_18xx_43xx.o)
 .rodata.UART_BClock
                0x1a0042e0        0x8 C:\Users\Thomas\Documents\LPCXpresso_8.2.2_650\workspace\lpc_chip_18xx\Release\liblpc_chip_18xx.a(uart_18xx_43xx.o)
 .rodata.UART_PClock
                0x1a0042e8        0x8 C:\Users\Thomas\Documents\LPCXpresso_8.2.2_650\workspace\lpc_chip_18xx\Release\liblpc_chip_18xx.a(uart_18xx_43xx.o)
 .rodata.str1.1
                0x1a0042f0       0x18 c:/nxp/lpcxpresso_8.2.2_650/lpcxpresso/tools/bin/../lib/gcc/arm-none-eabi/5.4.1/../../../../arm-none-eabi/lib/armv7-m\libcr_c.a(alloc.o)
 .rodata.str1.1
                0x1a004308       0x34 c:/nxp/lpcxpresso_8.2.2_650/lpcxpresso/tools/bin/../lib/gcc/arm-none-eabi/5.4.1/../../../../arm-none-eabi/lib/armv7-m\libcr_c.a(fpprintf.o)
                                 0x35 (size before relaxing)
 .rodata.str1.1
                0x1a00433c        0x4 c:/nxp/lpcxpresso_8.2.2_650/lpcxpresso/tools/bin/../lib/gcc/arm-none-eabi/5.4.1/../../../../arm-none-eabi/lib/armv7-m\libcr_c.a(initio.o)
 .rodata.str1.1
                0x1a004340       0x31 c:/nxp/lpcxpresso_8.2.2_650/lpcxpresso/tools/bin/../lib/gcc/arm-none-eabi/5.4.1/../../../../arm-none-eabi/lib/armv7-m\libcr_c.a(printf.o)
                                 0x38 (size before relaxing)
 *fill*         0x1a004371        0x7 ff
 .rodata.__huge_vall
                0x1a004378        0x8 c:/nxp/lpcxpresso_8.2.2_650/lpcxpresso/tools/bin/../lib/gcc/arm-none-eabi/5.4.1/../../../../arm-none-eabi/lib/armv7-m\libcr_c.a(_hugeval.o)
                0x1a004378                __huge_vall
                0x1a004380                . = ALIGN (0x4)

.glue_7         0x1a004380        0x0
 .glue_7        0x1a004380        0x0 linker stubs

.glue_7t        0x1a004380        0x0
 .glue_7t       0x1a004380        0x0 linker stubs

.vfp11_veneer   0x1a004380        0x0
 .vfp11_veneer  0x1a004380        0x0 linker stubs

.v4_bx          0x1a004380        0x0
 .v4_bx         0x1a004380        0x0 linker stubs

.iplt           0x1a004380        0x0
 .iplt          0x1a004380        0x0 ./freertos/src/FreeRTOSCommonHooks.o

.rel.dyn        0x1a004380        0x0
 .rel.iplt      0x1a004380        0x0 ./freertos/src/FreeRTOSCommonHooks.o

.ARM.extab
 *(.ARM.extab* .gnu.linkonce.armextab.*)
                0x1a004380                __exidx_start = .

.ARM.exidx
 *(.ARM.exidx* .gnu.linkonce.armexidx.*)
                0x1a004380                __exidx_end = .
                0x1a004380                _etext = .

.data_RAM2      0x10080000        0x0 load address 0x1a004380
 FILL mask 0xff
                [!provide]                PROVIDE (__start_data_RAM2, .)
 *(.ramfunc.$RAM2)
 *(.ramfunc.$RamLoc40)
 *(.data.$RAM2*)
 *(.data.$RamLoc40*)
                0x10080000                . = ALIGN (0x4)
                [!provide]                PROVIDE (__end_data_RAM2, .)

.data_RAM3      0x20000000        0x0 load address 0x1a004380
 FILL mask 0xff
                [!provide]                PROVIDE (__start_data_RAM3, .)
 *(.ramfunc.$RAM3)
 *(.ramfunc.$RamAHB32)
 *(.data.$RAM3*)
 *(.data.$RamAHB32*)
                0x20000000                . = ALIGN (0x4)
                [!provide]                PROVIDE (__end_data_RAM3, .)

.data_RAM4      0x20008000        0x0 load address 0x1a004380
 FILL mask 0xff
                [!provide]                PROVIDE (__start_data_RAM4, .)
 *(.ramfunc.$RAM4)
 *(.ramfunc.$RamAHB16)
 *(.data.$RAM4*)
 *(.data.$RamAHB16*)
                0x20008000                . = ALIGN (0x4)
                [!provide]                PROVIDE (__end_data_RAM4, .)

.data_RAM5      0x2000c000        0x0 load address 0x1a004380
 FILL mask 0xff
                [!provide]                PROVIDE (__start_data_RAM5, .)
 *(.ramfunc.$RAM5)
 *(.ramfunc.$RamAHB_ETB16)
 *(.data.$RAM5*)
 *(.data.$RamAHB_ETB16*)
                0x2000c000                . = ALIGN (0x4)
                [!provide]                PROVIDE (__end_data_RAM5, .)

.uninit_RESERVED
                0x10000000        0x0
 *(.bss.$RESERVED*)
                0x10000000                . = ALIGN (0x4)
                0x10000000                _end_uninit_RESERVED = .

.data           0x10000000        0x8 load address 0x1a004380
 FILL mask 0xff
                0x10000000                _data = .
 *(vtable)
 *(.ramfunc*)
 *(.data*)
 .data.uxCriticalNesting
                0x10000000        0x4 ./freertos/src/port.o
 .data.xNextTaskUnblockTime
                0x10000004        0x4 ./freertos/src/tasks.o
                0x10000008                . = ALIGN (0x4)
                0x10000008                _edata = .

.igot.plt       0x10000008        0x0 load address 0x1a004388
 .igot.plt      0x10000008        0x0 ./freertos/src/FreeRTOSCommonHooks.o

.bss_RAM2       0x10080000        0x0
                [!provide]                PROVIDE (__start_bss_RAM2, .)
 *(.bss.$RAM2*)
 *(.bss.$RamLoc40*)
                0x10080000                . = ALIGN ((. != 0x0)?0x4:0x1)
                [!provide]                PROVIDE (__end_bss_RAM2, .)

.bss_RAM3       0x20000000        0x0
                [!provide]                PROVIDE (__start_bss_RAM3, .)
 *(.bss.$RAM3*)
 *(.bss.$RamAHB32*)
                0x20000000                . = ALIGN ((. != 0x0)?0x4:0x1)
                [!provide]                PROVIDE (__end_bss_RAM3, .)

.bss_RAM4       0x20008000        0x0
                [!provide]                PROVIDE (__start_bss_RAM4, .)
 *(.bss.$RAM4*)
 *(.bss.$RamAHB16*)
                0x20008000                . = ALIGN ((. != 0x0)?0x4:0x1)
                [!provide]                PROVIDE (__end_bss_RAM4, .)

.bss_RAM5       0x2000c000        0x0
                [!provide]                PROVIDE (__start_bss_RAM5, .)
 *(.bss.$RAM5*)
 *(.bss.$RamAHB_ETB16*)
                0x2000c000                . = ALIGN ((. != 0x0)?0x4:0x1)
                [!provide]                PROVIDE (__end_bss_RAM5, .)

.bss            0x10000008      0x2a0
                0x10000008                _bss = .
 *(.bss*)
 .bss.ulTimerCountsForOneTick
                0x10000008        0x4 ./freertos/src/port.o
 .bss.ulStoppedTimerCompensation
                0x1000000c        0x4 ./freertos/src/port.o
 .bss.xMaximumPossibleSuppressedTicks
                0x10000010        0x4 ./freertos/src/port.o
 .bss.xNumOfOverflows
                0x10000014        0x4 ./freertos/src/tasks.o
 .bss.pxDelayedTaskList
                0x10000018        0x4 ./freertos/src/tasks.o
 .bss.xSchedulerRunning
                0x1000001c        0x4 ./freertos/src/tasks.o
 .bss.uxTasksDeleted
                0x10000020        0x4 ./freertos/src/tasks.o
 .bss.xDelayedTaskList1
                0x10000024       0x14 ./freertos/src/tasks.o
 .bss.xDelayedTaskList2
                0x10000038       0x14 ./freertos/src/tasks.o
 .bss.uxPendedTicks
                0x1000004c        0x4 ./freertos/src/tasks.o
 .bss.pxReadyTasksLists
                0x10000050       0xa0 ./freertos/src/tasks.o
 .bss.xTasksWaitingTermination
                0x100000f0       0x14 ./freertos/src/tasks.o
 .bss.pxCurrentTCB
                0x10000104        0x4 ./freertos/src/tasks.o
                0x10000104                pxCurrentTCB
 .bss.xPendingReadyList
                0x10000108       0x14 ./freertos/src/tasks.o
 .bss.uxSchedulerSuspended
                0x1000011c        0x4 ./freertos/src/tasks.o
 .bss.xTickCount
                0x10000120        0x4 ./freertos/src/tasks.o
 .bss.pxOverflowDelayedTaskList
                0x10000124        0x4 ./freertos/src/tasks.o
 .bss.uxTaskNumber
                0x10000128        0x4 ./freertos/src/tasks.o
 .bss.uxCurrentNumberOfTasks
                0x1000012c        0x4 ./freertos/src/tasks.o
 .bss.xSuspendedTaskList
                0x10000130       0x14 ./freertos/src/tasks.o
 .bss.uxTopReadyPriority
                0x10000144        0x4 ./freertos/src/tasks.o
 .bss.xYieldPending
                0x10000148        0x4 ./freertos/src/tasks.o
 .bss.audio_usb_pll_freq
                0x1000014c        0x8 C:\Users\Thomas\Documents\LPCXpresso_8.2.2_650\workspace\lpc_chip_18xx\Release\liblpc_chip_18xx.a(clock_18xx_43xx.o)
 .bss._extra    0x10000154        0x4 c:/nxp/lpcxpresso_8.2.2_650/lpcxpresso/tools/bin/../lib/gcc/arm-none-eabi/5.4.1/../../../../arm-none-eabi/lib/armv7-m\libcr_c.a(initio.o)
                0x10000154                _extra
 .bss.__Ciob    0x10000158      0x140 c:/nxp/lpcxpresso_8.2.2_650/lpcxpresso/tools/bin/../lib/gcc/arm-none-eabi/5.4.1/../../../../arm-none-eabi/lib/armv7-m\libcr_c.a(stdio.o)
                0x10000158                __Ciob
 .bss.__heaps   0x10000298        0x4 c:/nxp/lpcxpresso_8.2.2_650/lpcxpresso/tools/bin/../lib/gcc/arm-none-eabi/5.4.1/../../../../arm-none-eabi/lib/armv7-m\libcr_c.a(__init_alloc.o)
                0x10000298                __heaps
 .bss.__end_of_heap
                0x1000029c        0x4 c:/nxp/lpcxpresso_8.2.2_650/lpcxpresso/tools/bin/../lib/gcc/arm-none-eabi/5.4.1/../../../../arm-none-eabi/lib/armv7-m\libcr_c.a(__init_alloc.o)
                0x1000029c                __end_of_heap
 .bss.errno     0x100002a0        0x4 c:/nxp/lpcxpresso_8.2.2_650/lpcxpresso/tools/bin/../lib/gcc/arm-none-eabi/5.4.1/../../../../arm-none-eabi/lib/armv7-m\libcr_c.a(errno.o)
                0x100002a0                errno
 *(COMMON)
 COMMON         0x100002a4        0x4 C:\Users\Thomas\Documents\LPCXpresso_8.2.2_650\workspace\lpc_chip_18xx\Release\liblpc_chip_18xx.a(chip_18xx_43xx.o)
                0x100002a4                SystemCoreClock
                0x100002a8                . = ALIGN (0x4)
                0x100002a8                _ebss = .
                [!provide]                PROVIDE (end, .)

.noinit_RAM2    0x10080000        0x0
 *(.noinit.$RAM2*)
 *(.noinit.$RamLoc40*)
                0x10080000                . = ALIGN (0x4)

.noinit_RAM3    0x20000000        0x0
 *(.noinit.$RAM3*)
 *(.noinit.$RamAHB32*)
                0x20000000                . = ALIGN (0x4)

.noinit_RAM4    0x20008000        0x0
 *(.noinit.$RAM4*)
 *(.noinit.$RamAHB16*)
                0x20008000                . = ALIGN (0x4)

.noinit_RAM5    0x2000c000        0x0
 *(.noinit.$RAM5*)
 *(.noinit.$RamAHB_ETB16*)
                0x2000c000                . = ALIGN (0x4)

.noinit         0x100002a8        0x0
                0x100002a8                _noinit = .
 *(.noinit*)
                0x100002a8                . = ALIGN (0x4)
                0x100002a8                _end_noinit = .
                0x100002a8                PROVIDE (_pvHeapStart, DEFINED (__user_heap_base)?__user_heap_base:.)
                0x10008000                PROVIDE (_vStackTop, DEFINED (__user_stack_top)?__user_stack_top:(__top_RamLoc32 - 0x0))
                [!provide]                PROVIDE (__valid_user_code_checksum, (0x0 - ((((((_vStackTop + (ResetISR + 0x1)) + (NMI_Handler + 0x1)) + (HardFault_Handler + 0x1)) + (DEFINED (MemManage_Handler)?MemManage_Handler:0x0 + 0x1)) + (DEFINED (BusFault_Handler)?BusFault_Handler:0x0 + 0x1)) + (DEFINED (UsageFault_Handler)?UsageFault_Handler:0x0 + 0x1))))
OUTPUT(freertos_blinky.axf elf32-littlearm)

.debug_info     0x00000000     0xd252
 .debug_info    0x00000000      0x227 ./freertos/src/FreeRTOSCommonHooks.o
 .debug_info    0x00000227      0x187 ./freertos/src/heap_3.o
 .debug_info    0x000003ae      0x2bd ./freertos/src/list.o
 .debug_info    0x0000066b      0x8b5 ./freertos/src/port.o
 .debug_info    0x00000f20     0x223c ./freertos/src/tasks.o
 .debug_info    0x0000315c      0x2df ./example/src/cr_startup_lpc18xx.o
 .debug_info    0x0000343b      0x388 ./example/src/freertos_blinky.o
 .debug_info    0x000037c3       0xfc ./example/src/sysinit.o
 .debug_info    0x000038bf     0x36eb C:\Users\Thomas\Documents\LPCXpresso_8.2.2_650\workspace\lpc_board_keil_mcb_1857\Release\liblpc_board_keil_mcb_1857.a(board.o)
 .debug_info    0x00006faa     0x11e3 C:\Users\Thomas\Documents\LPCXpresso_8.2.2_650\workspace\lpc_board_keil_mcb_1857\Release\liblpc_board_keil_mcb_1857.a(board_sysinit.o)
 .debug_info    0x0000818d      0xb37 C:\Users\Thomas\Documents\LPCXpresso_8.2.2_650\workspace\lpc_chip_18xx\Release\liblpc_chip_18xx.a(chip_18xx_43xx.o)
 .debug_info    0x00008cc4     0x17e8 C:\Users\Thomas\Documents\LPCXpresso_8.2.2_650\workspace\lpc_chip_18xx\Release\liblpc_chip_18xx.a(clock_18xx_43xx.o)
 .debug_info    0x0000a4ac      0xb6c C:\Users\Thomas\Documents\LPCXpresso_8.2.2_650\workspace\lpc_chip_18xx\Release\liblpc_chip_18xx.a(emc_18xx_43xx.o)
 .debug_info    0x0000b018      0x1e4 C:\Users\Thomas\Documents\LPCXpresso_8.2.2_650\workspace\lpc_chip_18xx\Release\liblpc_chip_18xx.a(gpio_18xx_43xx.o)
 .debug_info    0x0000b1fc      0xa5d C:\Users\Thomas\Documents\LPCXpresso_8.2.2_650\workspace\lpc_chip_18xx\Release\liblpc_chip_18xx.a(sysinit_18xx_43xx.o)
 .debug_info    0x0000bc59     0x15f9 C:\Users\Thomas\Documents\LPCXpresso_8.2.2_650\workspace\lpc_chip_18xx\Release\liblpc_chip_18xx.a(uart_18xx_43xx.o)

.debug_abbrev   0x00000000     0x231b
 .debug_abbrev  0x00000000      0x14a ./freertos/src/FreeRTOSCommonHooks.o
 .debug_abbrev  0x0000014a      0x10d ./freertos/src/heap_3.o
 .debug_abbrev  0x00000257       0xf6 ./freertos/src/list.o
 .debug_abbrev  0x0000034d      0x243 ./freertos/src/port.o
 .debug_abbrev  0x00000590      0x348 ./freertos/src/tasks.o
 .debug_abbrev  0x000008d8      0x18c ./example/src/cr_startup_lpc18xx.o
 .debug_abbrev  0x00000a64      0x11c ./example/src/freertos_blinky.o
 .debug_abbrev  0x00000b80       0xb8 ./example/src/sysinit.o
 .debug_abbrev  0x00000c38      0x542 C:\Users\Thomas\Documents\LPCXpresso_8.2.2_650\workspace\lpc_board_keil_mcb_1857\Release\liblpc_board_keil_mcb_1857.a(board.o)
 .debug_abbrev  0x0000117a      0x2b4 C:\Users\Thomas\Documents\LPCXpresso_8.2.2_650\workspace\lpc_board_keil_mcb_1857\Release\liblpc_board_keil_mcb_1857.a(board_sysinit.o)
 .debug_abbrev  0x0000142e      0x1a9 C:\Users\Thomas\Documents\LPCXpresso_8.2.2_650\workspace\lpc_chip_18xx\Release\liblpc_chip_18xx.a(chip_18xx_43xx.o)
 .debug_abbrev  0x000015d7      0x433 C:\Users\Thomas\Documents\LPCXpresso_8.2.2_650\workspace\lpc_chip_18xx\Release\liblpc_chip_18xx.a(clock_18xx_43xx.o)
 .debug_abbrev  0x00001a0a      0x262 C:\Users\Thomas\Documents\LPCXpresso_8.2.2_650\workspace\lpc_chip_18xx\Release\liblpc_chip_18xx.a(emc_18xx_43xx.o)
 .debug_abbrev  0x00001c6c       0xdf C:\Users\Thomas\Documents\LPCXpresso_8.2.2_650\workspace\lpc_chip_18xx\Release\liblpc_chip_18xx.a(gpio_18xx_43xx.o)
 .debug_abbrev  0x00001d4b      0x20e C:\Users\Thomas\Documents\LPCXpresso_8.2.2_650\workspace\lpc_chip_18xx\Release\liblpc_chip_18xx.a(sysinit_18xx_43xx.o)
 .debug_abbrev  0x00001f59      0x3c2 C:\Users\Thomas\Documents\LPCXpresso_8.2.2_650\workspace\lpc_chip_18xx\Release\liblpc_chip_18xx.a(uart_18xx_43xx.o)

.debug_loc      0x00000000     0x4d22
 .debug_loc     0x00000000       0x60 ./freertos/src/FreeRTOSCommonHooks.o
 .debug_loc     0x00000060       0x81 ./freertos/src/heap_3.o
 .debug_loc     0x000000e1       0x94 ./freertos/src/list.o
 .debug_loc     0x00000175      0x126 ./freertos/src/port.o
 .debug_loc     0x0000029b     0x1215 ./freertos/src/tasks.o
 .debug_loc     0x000014b0      0x219 ./example/src/cr_startup_lpc18xx.o
 .debug_loc     0x000016c9       0xc0 ./example/src/freertos_blinky.o
 .debug_loc     0x00001789     0x1434 C:\Users\Thomas\Documents\LPCXpresso_8.2.2_650\workspace\lpc_board_keil_mcb_1857\Release\liblpc_board_keil_mcb_1857.a(board.o)
 .debug_loc     0x00002bbd      0x237 C:\Users\Thomas\Documents\LPCXpresso_8.2.2_650\workspace\lpc_board_keil_mcb_1857\Release\liblpc_board_keil_mcb_1857.a(board_sysinit.o)
 .debug_loc     0x00002df4      0xeb5 C:\Users\Thomas\Documents\LPCXpresso_8.2.2_650\workspace\lpc_chip_18xx\Release\liblpc_chip_18xx.a(clock_18xx_43xx.o)
 .debug_loc     0x00003ca9      0x391 C:\Users\Thomas\Documents\LPCXpresso_8.2.2_650\workspace\lpc_chip_18xx\Release\liblpc_chip_18xx.a(emc_18xx_43xx.o)
 .debug_loc     0x0000403a       0xb0 C:\Users\Thomas\Documents\LPCXpresso_8.2.2_650\workspace\lpc_chip_18xx\Release\liblpc_chip_18xx.a(sysinit_18xx_43xx.o)
 .debug_loc     0x000040ea      0xc38 C:\Users\Thomas\Documents\LPCXpresso_8.2.2_650\workspace\lpc_chip_18xx\Release\liblpc_chip_18xx.a(uart_18xx_43xx.o)

.debug_aranges  0x00000000      0x760
 .debug_aranges
                0x00000000       0x40 ./freertos/src/FreeRTOSCommonHooks.o
 .debug_aranges
                0x00000040       0x28 ./freertos/src/heap_3.o
 .debug_aranges
                0x00000068       0x40 ./freertos/src/list.o
 .debug_aranges
                0x000000a8       0x90 ./freertos/src/port.o
 .debug_aranges
                0x00000138      0x160 ./freertos/src/tasks.o
 .debug_aranges
                0x00000298       0x80 ./example/src/cr_startup_lpc18xx.o
 .debug_aranges
                0x00000318       0x38 ./example/src/freertos_blinky.o
 .debug_aranges
                0x00000350       0x20 ./example/src/sysinit.o
 .debug_aranges
                0x00000370      0x108 C:\Users\Thomas\Documents\LPCXpresso_8.2.2_650\workspace\lpc_board_keil_mcb_1857\Release\liblpc_board_keil_mcb_1857.a(board.o)
 .debug_aranges
                0x00000478       0x38 C:\Users\Thomas\Documents\LPCXpresso_8.2.2_650\workspace\lpc_board_keil_mcb_1857\Release\liblpc_board_keil_mcb_1857.a(board_sysinit.o)
 .debug_aranges
                0x000004b0       0x38 C:\Users\Thomas\Documents\LPCXpresso_8.2.2_650\workspace\lpc_chip_18xx\Release\liblpc_chip_18xx.a(chip_18xx_43xx.o)
 .debug_aranges
                0x000004e8      0x110 C:\Users\Thomas\Documents\LPCXpresso_8.2.2_650\workspace\lpc_chip_18xx\Release\liblpc_chip_18xx.a(clock_18xx_43xx.o)
 .debug_aranges
                0x000005f8       0x68 C:\Users\Thomas\Documents\LPCXpresso_8.2.2_650\workspace\lpc_chip_18xx\Release\liblpc_chip_18xx.a(emc_18xx_43xx.o)
 .debug_aranges
                0x00000660       0x20 C:\Users\Thomas\Documents\LPCXpresso_8.2.2_650\workspace\lpc_chip_18xx\Release\liblpc_chip_18xx.a(gpio_18xx_43xx.o)
 .debug_aranges
                0x00000680       0x40 C:\Users\Thomas\Documents\LPCXpresso_8.2.2_650\workspace\lpc_chip_18xx\Release\liblpc_chip_18xx.a(sysinit_18xx_43xx.o)
 .debug_aranges
                0x000006c0       0xa0 C:\Users\Thomas\Documents\LPCXpresso_8.2.2_650\workspace\lpc_chip_18xx\Release\liblpc_chip_18xx.a(uart_18xx_43xx.o)

.debug_ranges   0x00000000      0xaf8
 .debug_ranges  0x00000000       0x30 ./freertos/src/FreeRTOSCommonHooks.o
 .debug_ranges  0x00000030       0x18 ./freertos/src/heap_3.o
 .debug_ranges  0x00000048       0x30 ./freertos/src/list.o
 .debug_ranges  0x00000078       0x80 ./freertos/src/port.o
 .debug_ranges  0x000000f8      0x1d0 ./freertos/src/tasks.o
 .debug_ranges  0x000002c8       0x70 ./example/src/cr_startup_lpc18xx.o
 .debug_ranges  0x00000338       0x40 ./example/src/freertos_blinky.o
 .debug_ranges  0x00000378       0x10 ./example/src/sysinit.o
 .debug_ranges  0x00000388      0x318 C:\Users\Thomas\Documents\LPCXpresso_8.2.2_650\workspace\lpc_board_keil_mcb_1857\Release\liblpc_board_keil_mcb_1857.a(board.o)
 .debug_ranges  0x000006a0       0xa0 C:\Users\Thomas\Documents\LPCXpresso_8.2.2_650\workspace\lpc_board_keil_mcb_1857\Release\liblpc_board_keil_mcb_1857.a(board_sysinit.o)
 .debug_ranges  0x00000740       0x28 C:\Users\Thomas\Documents\LPCXpresso_8.2.2_650\workspace\lpc_chip_18xx\Release\liblpc_chip_18xx.a(chip_18xx_43xx.o)
 .debug_ranges  0x00000768      0x1a0 C:\Users\Thomas\Documents\LPCXpresso_8.2.2_650\workspace\lpc_chip_18xx\Release\liblpc_chip_18xx.a(clock_18xx_43xx.o)
 .debug_ranges  0x00000908       0x70 C:\Users\Thomas\Documents\LPCXpresso_8.2.2_650\workspace\lpc_chip_18xx\Release\liblpc_chip_18xx.a(emc_18xx_43xx.o)
 .debug_ranges  0x00000978       0x10 C:\Users\Thomas\Documents\LPCXpresso_8.2.2_650\workspace\lpc_chip_18xx\Release\liblpc_chip_18xx.a(gpio_18xx_43xx.o)
 .debug_ranges  0x00000988       0x50 C:\Users\Thomas\Documents\LPCXpresso_8.2.2_650\workspace\lpc_chip_18xx\Release\liblpc_chip_18xx.a(sysinit_18xx_43xx.o)
 .debug_ranges  0x000009d8      0x120 C:\Users\Thomas\Documents\LPCXpresso_8.2.2_650\workspace\lpc_chip_18xx\Release\liblpc_chip_18xx.a(uart_18xx_43xx.o)

.debug_line     0x00000000     0x31b6
 .debug_line    0x00000000      0x234 ./freertos/src/FreeRTOSCommonHooks.o
 .debug_line    0x00000234      0x1c5 ./freertos/src/heap_3.o
 .debug_line    0x000003f9      0x1ca ./freertos/src/list.o
 .debug_line    0x000005c3      0x32d ./freertos/src/port.o
 .debug_line    0x000008f0      0x898 ./freertos/src/tasks.o
 .debug_line    0x00001188       0xab ./example/src/cr_startup_lpc18xx.o
 .debug_line    0x00001233      0x25a ./example/src/freertos_blinky.o
 .debug_line    0x0000148d      0x153 ./example/src/sysinit.o
 .debug_line    0x000015e0      0x825 C:\Users\Thomas\Documents\LPCXpresso_8.2.2_650\workspace\lpc_board_keil_mcb_1857\Release\liblpc_board_keil_mcb_1857.a(board.o)
 .debug_line    0x00001e05      0x210 C:\Users\Thomas\Documents\LPCXpresso_8.2.2_650\workspace\lpc_board_keil_mcb_1857\Release\liblpc_board_keil_mcb_1857.a(board_sysinit.o)
 .debug_line    0x00002015      0x1ca C:\Users\Thomas\Documents\LPCXpresso_8.2.2_650\workspace\lpc_chip_18xx\Release\liblpc_chip_18xx.a(chip_18xx_43xx.o)
 .debug_line    0x000021df      0x572 C:\Users\Thomas\Documents\LPCXpresso_8.2.2_650\workspace\lpc_chip_18xx\Release\liblpc_chip_18xx.a(clock_18xx_43xx.o)
 .debug_line    0x00002751      0x272 C:\Users\Thomas\Documents\LPCXpresso_8.2.2_650\workspace\lpc_chip_18xx\Release\liblpc_chip_18xx.a(emc_18xx_43xx.o)
 .debug_line    0x000029c3       0xfc C:\Users\Thomas\Documents\LPCXpresso_8.2.2_650\workspace\lpc_chip_18xx\Release\liblpc_chip_18xx.a(gpio_18xx_43xx.o)
 .debug_line    0x00002abf      0x244 C:\Users\Thomas\Documents\LPCXpresso_8.2.2_650\workspace\lpc_chip_18xx\Release\liblpc_chip_18xx.a(sysinit_18xx_43xx.o)
 .debug_line    0x00002d03      0x4b3 C:\Users\Thomas\Documents\LPCXpresso_8.2.2_650\workspace\lpc_chip_18xx\Release\liblpc_chip_18xx.a(uart_18xx_43xx.o)

.debug_str      0x00000000     0x3d78
 .debug_str     0x00000000      0x29e ./freertos/src/FreeRTOSCommonHooks.o
                                0x2df (size before relaxing)
 .debug_str     0x0000029e       0x77 ./freertos/src/heap_3.o
                                0x228 (size before relaxing)
 .debug_str     0x00000315      0x140 ./freertos/src/list.o
                                0x310 (size before relaxing)
 .debug_str     0x00000455      0xccd ./freertos/src/port.o
                                0xec0 (size before relaxing)
 .debug_str     0x00001122      0x90b ./freertos/src/tasks.o
                               0x17f6 (size before relaxing)
 .debug_str     0x00001a2d      0x184 ./example/src/cr_startup_lpc18xx.o
                                0x2d8 (size before relaxing)
 .debug_str     0x00001bb1       0x90 ./example/src/freertos_blinky.o
                                0x2c2 (size before relaxing)
 .debug_str     0x00001c41       0x2a ./example/src/sysinit.o
                                0x1fd (size before relaxing)
 .debug_str     0x00001c6b      0xe4d C:\Users\Thomas\Documents\LPCXpresso_8.2.2_650\workspace\lpc_board_keil_mcb_1857\Release\liblpc_board_keil_mcb_1857.a(board.o)
                               0x1a66 (size before relaxing)
 .debug_str     0x00002ab8      0x6ee C:\Users\Thomas\Documents\LPCXpresso_8.2.2_650\workspace\lpc_board_keil_mcb_1857\Release\liblpc_board_keil_mcb_1857.a(board_sysinit.o)
                               0x1052 (size before relaxing)
 .debug_str     0x000031a6      0x173 C:\Users\Thomas\Documents\LPCXpresso_8.2.2_650\workspace\lpc_chip_18xx\Release\liblpc_chip_18xx.a(chip_18xx_43xx.o)
                                0xf25 (size before relaxing)
 .debug_str     0x00003319      0x4e1 C:\Users\Thomas\Documents\LPCXpresso_8.2.2_650\workspace\lpc_chip_18xx\Release\liblpc_chip_18xx.a(clock_18xx_43xx.o)
                               0x13c1 (size before relaxing)
 .debug_str     0x000037fa      0x123 C:\Users\Thomas\Documents\LPCXpresso_8.2.2_650\workspace\lpc_chip_18xx\Release\liblpc_chip_18xx.a(emc_18xx_43xx.o)
                                0x780 (size before relaxing)
 .debug_str     0x0000391d       0x29 C:\Users\Thomas\Documents\LPCXpresso_8.2.2_650\workspace\lpc_chip_18xx\Release\liblpc_chip_18xx.a(gpio_18xx_43xx.o)
                                0x1f2 (size before relaxing)
 .debug_str     0x00003946       0xa0 C:\Users\Thomas\Documents\LPCXpresso_8.2.2_650\workspace\lpc_chip_18xx\Release\liblpc_chip_18xx.a(sysinit_18xx_43xx.o)
                                0xee5 (size before relaxing)
 .debug_str     0x000039e6      0x392 C:\Users\Thomas\Documents\LPCXpresso_8.2.2_650\workspace\lpc_chip_18xx\Release\liblpc_chip_18xx.a(uart_18xx_43xx.o)
                               0x1082 (size before relaxing)

.comment        0x00000000       0xdc
 .comment       0x00000000       0x6e ./freertos/src/FreeRTOSCommonHooks.o
                                 0x6f (size before relaxing)
 .comment       0x0000006e       0x6f ./freertos/src/heap_3.o
 .comment       0x0000006e       0x6f ./freertos/src/list.o
 .comment       0x0000006e       0x6f ./freertos/src/port.o
 .comment       0x0000006e       0x6f ./freertos/src/tasks.o
 .comment       0x0000006e       0x6f ./example/src/cr_startup_lpc18xx.o
 .comment       0x0000006e       0x6f ./example/src/freertos_blinky.o
 .comment       0x0000006e       0x6f ./example/src/sysinit.o
 .comment       0x0000006e       0x6f C:\Users\Thomas\Documents\LPCXpresso_8.2.2_650\workspace\lpc_board_keil_mcb_1857\Release\liblpc_board_keil_mcb_1857.a(board.o)
 .comment       0x0000006e       0x6f C:\Users\Thomas\Documents\LPCXpresso_8.2.2_650\workspace\lpc_board_keil_mcb_1857\Release\liblpc_board_keil_mcb_1857.a(board_sysinit.o)
 .comment       0x0000006e       0x6f C:\Users\Thomas\Documents\LPCXpresso_8.2.2_650\workspace\lpc_chip_18xx\Release\liblpc_chip_18xx.a(chip_18xx_43xx.o)
 .comment       0x0000006e       0x6f C:\Users\Thomas\Documents\LPCXpresso_8.2.2_650\workspace\lpc_chip_18xx\Release\liblpc_chip_18xx.a(clock_18xx_43xx.o)
 .comment       0x0000006e       0x6f C:\Users\Thomas\Documents\LPCXpresso_8.2.2_650\workspace\lpc_chip_18xx\Release\liblpc_chip_18xx.a(emc_18xx_43xx.o)
 .comment       0x0000006e       0x6f C:\Users\Thomas\Documents\LPCXpresso_8.2.2_650\workspace\lpc_chip_18xx\Release\liblpc_chip_18xx.a(gpio_18xx_43xx.o)
 .comment       0x0000006e       0x6f C:\Users\Thomas\Documents\LPCXpresso_8.2.2_650\workspace\lpc_chip_18xx\Release\liblpc_chip_18xx.a(sysinit_18xx_43xx.o)
 .comment       0x0000006e       0x6f C:\Users\Thomas\Documents\LPCXpresso_8.2.2_650\workspace\lpc_chip_18xx\Release\liblpc_chip_18xx.a(uart_18xx_43xx.o)
 .comment       0x0000006e       0x6e c:/nxp/lpcxpresso_8.2.2_650/lpcxpresso/tools/bin/../lib/gcc/arm-none-eabi/5.4.1/../../../../arm-none-eabi/lib/armv7-m\libcr_nohost.a(_cr__main.o)
                                 0x6f (size before relaxing)
 .comment       0x000000dc       0x6f c:/nxp/lpcxpresso_8.2.2_650/lpcxpresso/tools/bin/../lib/gcc/arm-none-eabi/5.4.1/../../../../arm-none-eabi/lib/armv7-m\libcr_c.a(memset.o)
 .comment       0x000000dc       0x6f c:/nxp/lpcxpresso_8.2.2_650/lpcxpresso/tools/bin/../lib/gcc/arm-none-eabi/5.4.1/../../../../arm-none-eabi/lib/armv7-m\libcr_c.a(alloc.o)
 .comment       0x000000dc       0x6f c:/nxp/lpcxpresso_8.2.2_650/lpcxpresso/tools/bin/../lib/gcc/arm-none-eabi/5.4.1/../../../../arm-none-eabi/lib/armv7-m\libcr_c.a(fpprintf.o)
 .comment       0x000000dc       0x6f c:/nxp/lpcxpresso_8.2.2_650/lpcxpresso/tools/bin/../lib/gcc/arm-none-eabi/5.4.1/../../../../arm-none-eabi/lib/armv7-m\libcr_c.a(initio.o)
 .comment       0x000000dc       0x6f c:/nxp/lpcxpresso_8.2.2_650/lpcxpresso/tools/bin/../lib/gcc/arm-none-eabi/5.4.1/../../../../arm-none-eabi/lib/armv7-m\libcr_c.a(printf.o)
 .comment       0x000000dc       0x6f c:/nxp/lpcxpresso_8.2.2_650/lpcxpresso/tools/bin/../lib/gcc/arm-none-eabi/5.4.1/../../../../arm-none-eabi/lib/armv7-m\libcr_c.a(setvbuf.o)
 .comment       0x000000dc       0x6f c:/nxp/lpcxpresso_8.2.2_650/lpcxpresso/tools/bin/../lib/gcc/arm-none-eabi/5.4.1/../../../../arm-none-eabi/lib/armv7-m\libcr_c.a(stdio.o)
 .comment       0x000000dc       0x6f c:/nxp/lpcxpresso_8.2.2_650/lpcxpresso/tools/bin/../lib/gcc/arm-none-eabi/5.4.1/../../../../arm-none-eabi/lib/armv7-m\libcr_c.a(strlen.o)
 .comment       0x000000dc       0x6f c:/nxp/lpcxpresso_8.2.2_650/lpcxpresso/tools/bin/../lib/gcc/arm-none-eabi/5.4.1/../../../../arm-none-eabi/lib/armv7-m\libcr_c.a(__init_alloc.o)
 .comment       0x000000dc       0x6f c:/nxp/lpcxpresso_8.2.2_650/lpcxpresso/tools/bin/../lib/gcc/arm-none-eabi/5.4.1/../../../../arm-none-eabi/lib/armv7-m\libcr_c.a(_cr_sbrk.o)
 .comment       0x000000dc       0x6f c:/nxp/lpcxpresso_8.2.2_650/lpcxpresso/tools/bin/../lib/gcc/arm-none-eabi/5.4.1/../../../../arm-none-eabi/lib/armv7-m\libcr_c.a(_deferredlazyseek.o)
 .comment       0x000000dc       0x6f c:/nxp/lpcxpresso_8.2.2_650/lpcxpresso/tools/bin/../lib/gcc/arm-none-eabi/5.4.1/../../../../arm-none-eabi/lib/armv7-m\libcr_c.a(_fdopen.o)
 .comment       0x000000dc       0x6f c:/nxp/lpcxpresso_8.2.2_650/lpcxpresso/tools/bin/../lib/gcc/arm-none-eabi/5.4.1/../../../../arm-none-eabi/lib/armv7-m\libcr_c.a(_fflush.o)
 .comment       0x000000dc       0x6f c:/nxp/lpcxpresso_8.2.2_650/lpcxpresso/tools/bin/../lib/gcc/arm-none-eabi/5.4.1/../../../../arm-none-eabi/lib/armv7-m\libcr_c.a(_frexpl.o)
 .comment       0x000000dc       0x6f c:/nxp/lpcxpresso_8.2.2_650/lpcxpresso/tools/bin/../lib/gcc/arm-none-eabi/5.4.1/../../../../arm-none-eabi/lib/armv7-m\libcr_c.a(_ldexpl.o)
 .comment       0x000000dc       0x6f c:/nxp/lpcxpresso_8.2.2_650/lpcxpresso/tools/bin/../lib/gcc/arm-none-eabi/5.4.1/../../../../arm-none-eabi/lib/armv7-m\libcr_c.a(_writebuf.o)
 .comment       0x000000dc       0x6f c:/nxp/lpcxpresso_8.2.2_650/lpcxpresso/tools/bin/../lib/gcc/arm-none-eabi/5.4.1/../../../../arm-none-eabi/lib/armv7-m\libcr_c.a(errno.o)
 .comment       0x000000dc       0x6f c:/nxp/lpcxpresso_8.2.2_650/lpcxpresso/tools/bin/../lib/gcc/arm-none-eabi/5.4.1/../../../../arm-none-eabi/lib/armv7-m\libcr_c.a(fclose.o)
 .comment       0x000000dc       0x6f c:/nxp/lpcxpresso_8.2.2_650/lpcxpresso/tools/bin/../lib/gcc/arm-none-eabi/5.4.1/../../../../arm-none-eabi/lib/armv7-m\libcr_c.a(fflush.o)
 .comment       0x000000dc       0x6f c:/nxp/lpcxpresso_8.2.2_650/lpcxpresso/tools/bin/../lib/gcc/arm-none-eabi/5.4.1/../../../../arm-none-eabi/lib/armv7-m\libcr_c.a(fseek.o)
 .comment       0x000000dc       0x6f c:/nxp/lpcxpresso_8.2.2_650/lpcxpresso/tools/bin/../lib/gcc/arm-none-eabi/5.4.1/../../../../arm-none-eabi/lib/armv7-m\libcr_c.a(ftell.o)
 .comment       0x000000dc       0x6f c:/nxp/lpcxpresso_8.2.2_650/lpcxpresso/tools/bin/../lib/gcc/arm-none-eabi/5.4.1/../../../../arm-none-eabi/lib/armv7-m\libcr_c.a(remove.o)
 .comment       0x000000dc       0x6f c:/nxp/lpcxpresso_8.2.2_650/lpcxpresso/tools/bin/../lib/gcc/arm-none-eabi/5.4.1/../../../../arm-none-eabi/lib/armv7-m\libcr_c.a(_cr_check_heap.o)
 .comment       0x000000dc       0x6f c:/nxp/lpcxpresso_8.2.2_650/lpcxpresso/tools/bin/../lib/gcc/arm-none-eabi/5.4.1/../../../../arm-none-eabi/lib/armv7-m\libcr_c.a(_do_fflush.o)
 .comment       0x000000dc       0x6f c:/nxp/lpcxpresso_8.2.2_650/lpcxpresso/tools/bin/../lib/gcc/arm-none-eabi/5.4.1/../../../../arm-none-eabi/lib/armv7-m\libcr_c.a(_hugeval.o)
 .comment       0x000000dc       0x6f c:/nxp/lpcxpresso_8.2.2_650/lpcxpresso/tools/bin/../lib/gcc/arm-none-eabi/5.4.1/armv7-m\libcr_eabihelpers.a(double.o)
 .comment       0x000000dc       0x6f c:/nxp/lpcxpresso_8.2.2_650/lpcxpresso/tools/bin/../lib/gcc/arm-none-eabi/5.4.1/../../../../arm-none-eabi/lib/armv7-m\libcr_nohost.a(__sys_appexit.o)
 .comment       0x000000dc       0x6f c:/nxp/lpcxpresso_8.2.2_650/lpcxpresso/tools/bin/../lib/gcc/arm-none-eabi/5.4.1/../../../../arm-none-eabi/lib/armv7-m\libcr_nohost.a(__sys_close.o)
 .comment       0x000000dc       0x6f c:/nxp/lpcxpresso_8.2.2_650/lpcxpresso/tools/bin/../lib/gcc/arm-none-eabi/5.4.1/../../../../arm-none-eabi/lib/armv7-m\libcr_nohost.a(__sys_flen.o)
 .comment       0x000000dc       0x6f c:/nxp/lpcxpresso_8.2.2_650/lpcxpresso/tools/bin/../lib/gcc/arm-none-eabi/5.4.1/../../../../arm-none-eabi/lib/armv7-m\libcr_nohost.a(__sys_istty.o)
 .comment       0x000000dc       0x6f c:/nxp/lpcxpresso_8.2.2_650/lpcxpresso/tools/bin/../lib/gcc/arm-none-eabi/5.4.1/../../../../arm-none-eabi/lib/armv7-m\libcr_nohost.a(__sys_remove.o)
 .comment       0x000000dc       0x6f c:/nxp/lpcxpresso_8.2.2_650/lpcxpresso/tools/bin/../lib/gcc/arm-none-eabi/5.4.1/../../../../arm-none-eabi/lib/armv7-m\libcr_nohost.a(__sys_seek.o)
 .comment       0x000000dc       0x6f c:/nxp/lpcxpresso_8.2.2_650/lpcxpresso/tools/bin/../lib/gcc/arm-none-eabi/5.4.1/../../../../arm-none-eabi/lib/armv7-m\libcr_nohost.a(__sys_tmpnam.o)

.ARM.attributes
                0x00000000       0x31
 .ARM.attributes
                0x00000000       0x33 ./freertos/src/FreeRTOSCommonHooks.o
 .ARM.attributes
                0x00000033       0x33 ./freertos/src/heap_3.o
 .ARM.attributes
                0x00000066       0x33 ./freertos/src/list.o
 .ARM.attributes
                0x00000099       0x33 ./freertos/src/port.o
 .ARM.attributes
                0x000000cc       0x33 ./freertos/src/tasks.o
 .ARM.attributes
                0x000000ff       0x33 ./example/src/cr_startup_lpc18xx.o
 .ARM.attributes
                0x00000132       0x33 ./example/src/freertos_blinky.o
 .ARM.attributes
                0x00000165       0x33 ./example/src/sysinit.o
 .ARM.attributes
                0x00000198       0x33 C:\Users\Thomas\Documents\LPCXpresso_8.2.2_650\workspace\lpc_board_keil_mcb_1857\Release\liblpc_board_keil_mcb_1857.a(board.o)
 .ARM.attributes
                0x000001cb       0x33 C:\Users\Thomas\Documents\LPCXpresso_8.2.2_650\workspace\lpc_board_keil_mcb_1857\Release\liblpc_board_keil_mcb_1857.a(board_sysinit.o)
 .ARM.attributes
                0x000001fe       0x33 C:\Users\Thomas\Documents\LPCXpresso_8.2.2_650\workspace\lpc_chip_18xx\Release\liblpc_chip_18xx.a(chip_18xx_43xx.o)
 .ARM.attributes
                0x00000231       0x33 C:\Users\Thomas\Documents\LPCXpresso_8.2.2_650\workspace\lpc_chip_18xx\Release\liblpc_chip_18xx.a(clock_18xx_43xx.o)
 .ARM.attributes
                0x00000264       0x33 C:\Users\Thomas\Documents\LPCXpresso_8.2.2_650\workspace\lpc_chip_18xx\Release\liblpc_chip_18xx.a(emc_18xx_43xx.o)
 .ARM.attributes
                0x00000297       0x33 C:\Users\Thomas\Documents\LPCXpresso_8.2.2_650\workspace\lpc_chip_18xx\Release\liblpc_chip_18xx.a(gpio_18xx_43xx.o)
 .ARM.attributes
                0x000002ca       0x33 C:\Users\Thomas\Documents\LPCXpresso_8.2.2_650\workspace\lpc_chip_18xx\Release\liblpc_chip_18xx.a(sysinit_18xx_43xx.o)
 .ARM.attributes
                0x000002fd       0x33 C:\Users\Thomas\Documents\LPCXpresso_8.2.2_650\workspace\lpc_chip_18xx\Release\liblpc_chip_18xx.a(uart_18xx_43xx.o)
 .ARM.attributes
                0x00000330       0x33 c:/nxp/lpcxpresso_8.2.2_650/lpcxpresso/tools/bin/../lib/gcc/arm-none-eabi/5.4.1/../../../../arm-none-eabi/lib/armv7-m\libcr_nohost.a(_cr__main.o)
 .ARM.attributes
                0x00000363       0x33 c:/nxp/lpcxpresso_8.2.2_650/lpcxpresso/tools/bin/../lib/gcc/arm-none-eabi/5.4.1/../../../../arm-none-eabi/lib/armv7-m\libcr_c.a(memset.o)
 .ARM.attributes
                0x00000396       0x33 c:/nxp/lpcxpresso_8.2.2_650/lpcxpresso/tools/bin/../lib/gcc/arm-none-eabi/5.4.1/../../../../arm-none-eabi/lib/armv7-m\libcr_c.a(alloc.o)
 .ARM.attributes
                0x000003c9       0x33 c:/nxp/lpcxpresso_8.2.2_650/lpcxpresso/tools/bin/../lib/gcc/arm-none-eabi/5.4.1/../../../../arm-none-eabi/lib/armv7-m\libcr_c.a(fpprintf.o)
 .ARM.attributes
                0x000003fc       0x33 c:/nxp/lpcxpresso_8.2.2_650/lpcxpresso/tools/bin/../lib/gcc/arm-none-eabi/5.4.1/../../../../arm-none-eabi/lib/armv7-m\libcr_c.a(initio.o)
 .ARM.attributes
                0x0000042f       0x33 c:/nxp/lpcxpresso_8.2.2_650/lpcxpresso/tools/bin/../lib/gcc/arm-none-eabi/5.4.1/../../../../arm-none-eabi/lib/armv7-m\libcr_c.a(printf.o)
 .ARM.attributes
                0x00000462       0x33 c:/nxp/lpcxpresso_8.2.2_650/lpcxpresso/tools/bin/../lib/gcc/arm-none-eabi/5.4.1/../../../../arm-none-eabi/lib/armv7-m\libcr_c.a(setvbuf.o)
 .ARM.attributes
                0x00000495       0x33 c:/nxp/lpcxpresso_8.2.2_650/lpcxpresso/tools/bin/../lib/gcc/arm-none-eabi/5.4.1/../../../../arm-none-eabi/lib/armv7-m\libcr_c.a(stdio.o)
 .ARM.attributes
                0x000004c8       0x33 c:/nxp/lpcxpresso_8.2.2_650/lpcxpresso/tools/bin/../lib/gcc/arm-none-eabi/5.4.1/../../../../arm-none-eabi/lib/armv7-m\libcr_c.a(strlen.o)
 .ARM.attributes
                0x000004fb       0x33 c:/nxp/lpcxpresso_8.2.2_650/lpcxpresso/tools/bin/../lib/gcc/arm-none-eabi/5.4.1/../../../../arm-none-eabi/lib/armv7-m\libcr_c.a(__init_alloc.o)
 .ARM.attributes
                0x0000052e       0x33 c:/nxp/lpcxpresso_8.2.2_650/lpcxpresso/tools/bin/../lib/gcc/arm-none-eabi/5.4.1/../../../../arm-none-eabi/lib/armv7-m\libcr_c.a(_cr_sbrk.o)
 .ARM.attributes
                0x00000561       0x33 c:/nxp/lpcxpresso_8.2.2_650/lpcxpresso/tools/bin/../lib/gcc/arm-none-eabi/5.4.1/../../../../arm-none-eabi/lib/armv7-m\libcr_c.a(_deferredlazyseek.o)
 .ARM.attributes
                0x00000594       0x33 c:/nxp/lpcxpresso_8.2.2_650/lpcxpresso/tools/bin/../lib/gcc/arm-none-eabi/5.4.1/../../../../arm-none-eabi/lib/armv7-m\libcr_c.a(_fdopen.o)
 .ARM.attributes
                0x000005c7       0x33 c:/nxp/lpcxpresso_8.2.2_650/lpcxpresso/tools/bin/../lib/gcc/arm-none-eabi/5.4.1/../../../../arm-none-eabi/lib/armv7-m\libcr_c.a(_fflush.o)
 .ARM.attributes
                0x000005fa       0x33 c:/nxp/lpcxpresso_8.2.2_650/lpcxpresso/tools/bin/../lib/gcc/arm-none-eabi/5.4.1/../../../../arm-none-eabi/lib/armv7-m\libcr_c.a(_frexpl.o)
 .ARM.attributes
                0x0000062d       0x33 c:/nxp/lpcxpresso_8.2.2_650/lpcxpresso/tools/bin/../lib/gcc/arm-none-eabi/5.4.1/../../../../arm-none-eabi/lib/armv7-m\libcr_c.a(_ldexpl.o)
 .ARM.attributes
                0x00000660       0x33 c:/nxp/lpcxpresso_8.2.2_650/lpcxpresso/tools/bin/../lib/gcc/arm-none-eabi/5.4.1/../../../../arm-none-eabi/lib/armv7-m\libcr_c.a(_writebuf.o)
 .ARM.attributes
                0x00000693       0x33 c:/nxp/lpcxpresso_8.2.2_650/lpcxpresso/tools/bin/../lib/gcc/arm-none-eabi/5.4.1/../../../../arm-none-eabi/lib/armv7-m\libcr_c.a(errno.o)
 .ARM.attributes
                0x000006c6       0x33 c:/nxp/lpcxpresso_8.2.2_650/lpcxpresso/tools/bin/../lib/gcc/arm-none-eabi/5.4.1/../../../../arm-none-eabi/lib/armv7-m\libcr_c.a(fclose.o)
 .ARM.attributes
                0x000006f9       0x33 c:/nxp/lpcxpresso_8.2.2_650/lpcxpresso/tools/bin/../lib/gcc/arm-none-eabi/5.4.1/../../../../arm-none-eabi/lib/armv7-m\libcr_c.a(fflush.o)
 .ARM.attributes
                0x0000072c       0x33 c:/nxp/lpcxpresso_8.2.2_650/lpcxpresso/tools/bin/../lib/gcc/arm-none-eabi/5.4.1/../../../../arm-none-eabi/lib/armv7-m\libcr_c.a(fseek.o)
 .ARM.attributes
                0x0000075f       0x33 c:/nxp/lpcxpresso_8.2.2_650/lpcxpresso/tools/bin/../lib/gcc/arm-none-eabi/5.4.1/../../../../arm-none-eabi/lib/armv7-m\libcr_c.a(ftell.o)
 .ARM.attributes
                0x00000792       0x33 c:/nxp/lpcxpresso_8.2.2_650/lpcxpresso/tools/bin/../lib/gcc/arm-none-eabi/5.4.1/../../../../arm-none-eabi/lib/armv7-m\libcr_c.a(remove.o)
 .ARM.attributes
                0x000007c5       0x33 c:/nxp/lpcxpresso_8.2.2_650/lpcxpresso/tools/bin/../lib/gcc/arm-none-eabi/5.4.1/../../../../arm-none-eabi/lib/armv7-m\libcr_c.a(_cr_check_heap.o)
 .ARM.attributes
                0x000007f8       0x33 c:/nxp/lpcxpresso_8.2.2_650/lpcxpresso/tools/bin/../lib/gcc/arm-none-eabi/5.4.1/../../../../arm-none-eabi/lib/armv7-m\libcr_c.a(_do_fflush.o)
 .ARM.attributes
                0x0000082b       0x33 c:/nxp/lpcxpresso_8.2.2_650/lpcxpresso/tools/bin/../lib/gcc/arm-none-eabi/5.4.1/../../../../arm-none-eabi/lib/armv7-m\libcr_c.a(_hugeval.o)
 .ARM.attributes
                0x0000085e       0x33 c:/nxp/lpcxpresso_8.2.2_650/lpcxpresso/tools/bin/../lib/gcc/arm-none-eabi/5.4.1/armv7-m\libcr_eabihelpers.a(double.o)
 .ARM.attributes
                0x00000891       0x21 c:/nxp/lpcxpresso_8.2.2_650/lpcxpresso/tools/bin/../lib/gcc/arm-none-eabi/5.4.1/armv7-m\libcr_eabihelpers.a(memcpy.o)
 .ARM.attributes
                0x000008b2       0x33 c:/nxp/lpcxpresso_8.2.2_650/lpcxpresso/tools/bin/../lib/gcc/arm-none-eabi/5.4.1/../../../../arm-none-eabi/lib/armv7-m\libcr_nohost.a(__sys_appexit.o)
 .ARM.attributes
                0x000008e5       0x33 c:/nxp/lpcxpresso_8.2.2_650/lpcxpresso/tools/bin/../lib/gcc/arm-none-eabi/5.4.1/../../../../arm-none-eabi/lib/armv7-m\libcr_nohost.a(__sys_close.o)
 .ARM.attributes
                0x00000918       0x33 c:/nxp/lpcxpresso_8.2.2_650/lpcxpresso/tools/bin/../lib/gcc/arm-none-eabi/5.4.1/../../../../arm-none-eabi/lib/armv7-m\libcr_nohost.a(__sys_flen.o)
 .ARM.attributes
                0x0000094b       0x33 c:/nxp/lpcxpresso_8.2.2_650/lpcxpresso/tools/bin/../lib/gcc/arm-none-eabi/5.4.1/../../../../arm-none-eabi/lib/armv7-m\libcr_nohost.a(__sys_istty.o)
 .ARM.attributes
                0x0000097e       0x33 c:/nxp/lpcxpresso_8.2.2_650/lpcxpresso/tools/bin/../lib/gcc/arm-none-eabi/5.4.1/../../../../arm-none-eabi/lib/armv7-m\libcr_nohost.a(__sys_remove.o)
 .ARM.attributes
                0x000009b1       0x33 c:/nxp/lpcxpresso_8.2.2_650/lpcxpresso/tools/bin/../lib/gcc/arm-none-eabi/5.4.1/../../../../arm-none-eabi/lib/armv7-m\libcr_nohost.a(__sys_seek.o)
 .ARM.attributes
                0x000009e4       0x33 c:/nxp/lpcxpresso_8.2.2_650/lpcxpresso/tools/bin/../lib/gcc/arm-none-eabi/5.4.1/../../../../arm-none-eabi/lib/armv7-m\libcr_nohost.a(__sys_tmpnam.o)

.debug_frame    0x00000000     0x127c
 .debug_frame   0x00000000       0x7c ./freertos/src/FreeRTOSCommonHooks.o
 .debug_frame   0x0000007c       0x48 ./freertos/src/heap_3.o
 .debug_frame   0x000000c4       0x6c ./freertos/src/list.o
 .debug_frame   0x00000130      0x144 ./freertos/src/port.o
 .debug_frame   0x00000274      0x4b8 ./freertos/src/tasks.o
 .debug_frame   0x0000072c       0xfc ./example/src/cr_startup_lpc18xx.o
 .debug_frame   0x00000828       0x78 ./example/src/freertos_blinky.o
 .debug_frame   0x000008a0       0x20 ./example/src/sysinit.o
 .debug_frame   0x000008c0      0x2a0 C:\Users\Thomas\Documents\LPCXpresso_8.2.2_650\workspace\lpc_board_keil_mcb_1857\Release\liblpc_board_keil_mcb_1857.a(board.o)
 .debug_frame   0x00000b60       0x80 C:\Users\Thomas\Documents\LPCXpresso_8.2.2_650\workspace\lpc_board_keil_mcb_1857\Release\liblpc_board_keil_mcb_1857.a(board_sysinit.o)
 .debug_frame   0x00000be0       0x70 C:\Users\Thomas\Documents\LPCXpresso_8.2.2_650\workspace\lpc_chip_18xx\Release\liblpc_chip_18xx.a(chip_18xx_43xx.o)
 .debug_frame   0x00000c50      0x2cc C:\Users\Thomas\Documents\LPCXpresso_8.2.2_650\workspace\lpc_chip_18xx\Release\liblpc_chip_18xx.a(clock_18xx_43xx.o)
 .debug_frame   0x00000f1c       0xe8 C:\Users\Thomas\Documents\LPCXpresso_8.2.2_650\workspace\lpc_chip_18xx\Release\liblpc_chip_18xx.a(emc_18xx_43xx.o)
 .debug_frame   0x00001004       0x30 C:\Users\Thomas\Documents\LPCXpresso_8.2.2_650\workspace\lpc_chip_18xx\Release\liblpc_chip_18xx.a(gpio_18xx_43xx.o)
 .debug_frame   0x00001034       0x74 C:\Users\Thomas\Documents\LPCXpresso_8.2.2_650\workspace\lpc_chip_18xx\Release\liblpc_chip_18xx.a(sysinit_18xx_43xx.o)
 .debug_frame   0x000010a8      0x1d4 C:\Users\Thomas\Documents\LPCXpresso_8.2.2_650\workspace\lpc_chip_18xx\Release\liblpc_chip_18xx.a(uart_18xx_43xx.o)
